Component: ARM Compiler 5.06 update 6 (build 750) Tool: armlink [4d35ed]

==============================================================================

Section Cross References

    startup_stm32f103xe.o(RESET) refers to startup_stm32f103xe.o(STACK) for __initial_sp
    startup_stm32f103xe.o(RESET) refers to startup_stm32f103xe.o(.text) for Reset_Handler
    startup_stm32f103xe.o(RESET) refers to stm32f1xx_it.o(i.NMI_Handler) for NMI_Handler
    startup_stm32f103xe.o(RESET) refers to stm32f1xx_it.o(i.HardFault_Handler) for HardFault_Handler
    startup_stm32f103xe.o(RESET) refers to stm32f1xx_it.o(i.MemManage_Handler) for MemManage_Handler
    startup_stm32f103xe.o(RESET) refers to stm32f1xx_it.o(i.BusFault_Handler) for BusFault_Handler
    startup_stm32f103xe.o(RESET) refers to stm32f1xx_it.o(i.UsageFault_Handler) for UsageFault_Handler
    startup_stm32f103xe.o(RESET) refers to port.o(.emb_text) for SVC_Handler
    startup_stm32f103xe.o(RESET) refers to stm32f1xx_it.o(i.DebugMon_Handler) for DebugMon_Handler
    startup_stm32f103xe.o(RESET) refers to port.o(i.SysTick_Handler) for SysTick_Handler
    startup_stm32f103xe.o(RESET) refers to stm32f1xx_it.o(i.DMA1_Channel4_IRQHandler) for DMA1_Channel4_IRQHandler
    startup_stm32f103xe.o(RESET) refers to stm32f1xx_it.o(i.DMA1_Channel5_IRQHandler) for DMA1_Channel5_IRQHandler
    startup_stm32f103xe.o(RESET) refers to stm32f1xx_it.o(i.USB_LP_CAN1_RX0_IRQHandler) for USB_LP_CAN1_RX0_IRQHandler
    startup_stm32f103xe.o(RESET) refers to stm32f1xx_it.o(i.TIM1_UP_IRQHandler) for TIM1_UP_IRQHandler
    startup_stm32f103xe.o(RESET) refers to stm32f1xx_it.o(i.DMA2_Channel3_IRQHandler) for DMA2_Channel3_IRQHandler
    startup_stm32f103xe.o(RESET) refers to stm32f1xx_it.o(i.DMA2_Channel4_5_IRQHandler) for DMA2_Channel4_5_IRQHandler
    startup_stm32f103xe.o(.text) refers to system_stm32f1xx.o(i.SystemInit) for SystemInit
    startup_stm32f103xe.o(.text) refers to entry.o(.ARM.Collect$$$$00000000) for __main
    main.o(i.HAL_TIM_PeriodElapsedCallback) refers to stm32f1xx_hal.o(i.HAL_IncTick) for HAL_IncTick
    main.o(i.MX_DMA_Init) refers to stm32f1xx_hal_cortex.o(i.HAL_NVIC_SetPriority) for HAL_NVIC_SetPriority
    main.o(i.MX_DMA_Init) refers to stm32f1xx_hal_cortex.o(i.HAL_NVIC_EnableIRQ) for HAL_NVIC_EnableIRQ
    main.o(i.MX_GPIO_Init) refers to stm32f1xx_hal_gpio.o(i.HAL_GPIO_Init) for HAL_GPIO_Init
    main.o(i.MX_UART4_Init) refers to stm32f1xx_hal_uart.o(i.HAL_UART_Init) for HAL_UART_Init
    main.o(i.MX_UART4_Init) refers to main.o(i.Error_Handler) for Error_Handler
    main.o(i.MX_UART4_Init) refers to main.o(.bss) for huart4
    main.o(i.MX_USART1_UART_Init) refers to stm32f1xx_hal_uart.o(i.HAL_UART_Init) for HAL_UART_Init
    main.o(i.MX_USART1_UART_Init) refers to main.o(i.Error_Handler) for Error_Handler
    main.o(i.MX_USART1_UART_Init) refers to main.o(.bss) for huart1
    main.o(i.SystemClock_Config) refers to memseta.o(.text) for __aeabi_memclr4
    main.o(i.SystemClock_Config) refers to stm32f1xx_hal_rcc.o(i.HAL_RCC_OscConfig) for HAL_RCC_OscConfig
    main.o(i.SystemClock_Config) refers to main.o(i.Error_Handler) for Error_Handler
    main.o(i.SystemClock_Config) refers to stm32f1xx_hal_rcc.o(i.HAL_RCC_ClockConfig) for HAL_RCC_ClockConfig
    main.o(i.SystemClock_Config) refers to stm32f1xx_hal_rcc_ex.o(i.HAL_RCCEx_PeriphCLKConfig) for HAL_RCCEx_PeriphCLKConfig
    main.o(i.main) refers to stm32f1xx_hal.o(i.HAL_Init) for HAL_Init
    main.o(i.main) refers to main.o(i.SystemClock_Config) for SystemClock_Config
    main.o(i.main) refers to main.o(i.MX_GPIO_Init) for MX_GPIO_Init
    main.o(i.main) refers to main.o(i.MX_DMA_Init) for MX_DMA_Init
    main.o(i.main) refers to main.o(i.MX_USART1_UART_Init) for MX_USART1_UART_Init
    main.o(i.main) refers to main.o(i.MX_UART4_Init) for MX_UART4_Init
    main.o(i.main) refers to printf_reloc.o(i.ConfigTraceSWO) for ConfigTraceSWO
    main.o(i.main) refers to delay_cpu_clk.o(i.CPUHeartBeatInit) for CPUHeartBeatInit
    main.o(i.main) refers to iap.o(i.jump_to_user_application_if) for jump_to_user_application_if
    main.o(i.main) refers to memcpya.o(.text) for __aeabi_memcpy4
    main.o(i.main) refers to cmsis_os.o(i.osThreadCreate) for osThreadCreate
    main.o(i.main) refers to cmsis_os.o(i.osKernelStart) for osKernelStart
    main.o(i.main) refers to main.o(.constdata) for .constdata
    main.o(i.main) refers to main.o(.data) for usb_taskHandle
    main.o(i.start_usb_task) refers to usb_device.o(i.MX_USB_DEVICE_Init) for MX_USB_DEVICE_Init
    main.o(i.start_usb_task) refers to iap.o(i.iap_process) for iap_process
    main.o(i.start_usb_task) refers to cmsis_os.o(i.osDelay) for osDelay
    main.o(.constdata) refers to main.o(.conststring) for .conststring
    main.o(.constdata) refers to main.o(i.start_usb_task) for start_usb_task
    main.o(.constdata) refers to main.o(.bss) for usb_task_buffer
    freertos.o(i.vApplicationGetIdleTaskMemory) refers to freertos.o(.bss) for xIdleTaskTCBBuffer
[...]
    i.USBD_RunTestMode                       0x08003f80   Section        0  usbd_core.o(i.USBD_RunTestMode)
    i.USBD_SetAddress                        0x08003f86   Section        0  usbd_ctlreq.o(i.USBD_SetAddress)
    USBD_SetAddress                          0x08003f87   Thumb Code    84  usbd_ctlreq.o(i.USBD_SetAddress)
    i.USBD_SetClassConfig                    0x08003fda   Section        0  usbd_core.o(i.USBD_SetClassConfig)
    i.USBD_SetConfig                         0x08003ffc   Section        0  usbd_ctlreq.o(i.USBD_SetConfig)
    USBD_SetConfig                           0x08003ffd   Thumb Code   218  usbd_ctlreq.o(i.USBD_SetConfig)
    i.USBD_SetFeature                        0x080040dc   Section        0  usbd_ctlreq.o(i.USBD_SetFeature)
    USBD_SetFeature                          0x080040dd   Thumb Code    36  usbd_ctlreq.o(i.USBD_SetFeature)
    i.USBD_Start                             0x08004100   Section        0  usbd_core.o(i.USBD_Start)
    i.USBD_StdDevReq                         0x0800410e   Section        0  usbd_ctlreq.o(i.USBD_StdDevReq)
    i.USBD_StdEPReq                          0x08004180   Section        0  usbd_ctlreq.o(i.USBD_StdEPReq)
    i.USBD_StdItfReq                         0x080042d6   Section        0  usbd_ctlreq.o(i.USBD_StdItfReq)
    i.USBD_static_free                       0x08004320   Section        0  usbd_conf.o(i.USBD_static_free)
    i.USBD_static_malloc                     0x08004324   Section        0  usbd_conf.o(i.USBD_static_malloc)
    i.USB_ActivateEndpoint                   0x08004330   Section        0  stm32f1xx_ll_usb.o(i.USB_ActivateEndpoint)
    i.USB_CoreInit                           0x080046da   Section        0  stm32f1xx_ll_usb.o(i.USB_CoreInit)
    i.USB_DeactivateEndpoint                 0x080046e2   Section        0  stm32f1xx_ll_usb.o(i.USB_DeactivateEndpoint)
    i.USB_DevConnect                         0x080048f6   Section        0  stm32f1xx_ll_usb.o(i.USB_DevConnect)
    i.USB_DevDisconnect                      0x080048fc   Section        0  stm32f1xx_ll_usb.o(i.USB_DevDisconnect)
    i.USB_DevInit                            0x08004902   Section        0  stm32f1xx_ll_usb.o(i.USB_DevInit)
    i.USB_DisableGlobalInt                   0x08004920   Section        0  stm32f1xx_ll_usb.o(i.USB_DisableGlobalInt)
    i.USB_EP0_OutStart                       0x08004936   Section        0  stm32f1xx_ll_usb.o(i.USB_EP0_OutStart)
    i.USB_EPClearStall                       0x0800493c   Section        0  stm32f1xx_ll_usb.o(i.USB_EPClearStall)
    i.USB_EPSetStall                         0x080049f0   Section        0  stm32f1xx_ll_usb.o(i.USB_EPSetStall)
    i.USB_EPStartXfer                        0x08004a76   Section        0  stm32f1xx_ll_usb.o(i.USB_EPStartXfer)
    i.USB_EnableGlobalInt                    0x08004da8   Section        0  stm32f1xx_ll_usb.o(i.USB_EnableGlobalInt)
    i.USB_LP_CAN1_RX0_IRQHandler             0x08004dc0   Section        0  stm32f1xx_it.o(i.USB_LP_CAN1_RX0_IRQHandler)
    i.USB_ReadInterrupts                     0x08004dd0   Section        0  stm32f1xx_ll_usb.o(i.USB_ReadInterrupts)
    i.USB_ReadPMA                            0x08004dda   Section        0  stm32f1xx_ll_usb.o(i.USB_ReadPMA)
    i.USB_SetCurrentMode                     0x08004e02   Section        0  stm32f1xx_ll_usb.o(i.USB_SetCurrentMode)
    i.USB_SetDevAddress                      0x08004e08   Section        0  stm32f1xx_ll_usb.o(i.USB_SetDevAddress)
    i.USB_WritePMA                           0x08004e16   Section        0  stm32f1xx_ll_usb.o(i.USB_WritePMA)
    i.UsageFault_Handler                     0x08004e58   Section        0  stm32f1xx_it.o(i.UsageFault_Handler)
    i.__0printf$8                            0x08004e5c   Section        0  printf8.o(i.__0printf$8)
    i.__scatterload_copy                     0x08004e7c   Section       14  handlers.o(i.__scatterload_copy)
    i.__scatterload_null                     0x08004e8a   Section        2  handlers.o(i.__scatterload_null)
    i.__scatterload_zeroinit                 0x08004e8c   Section       14  handlers.o(i.__scatterload_zeroinit)
    i._printf_core                           0x08004e9c   Section        0  printf8.o(i._printf_core)
    _printf_core                             0x08004e9d   Thumb Code   996  printf8.o(i._printf_core)
    i._printf_post_padding                   0x080052ac   Section        0  printf8.o(i._printf_post_padding)
    _printf_post_padding                     0x080052ad   Thumb Code    36  printf8.o(i._printf_post_padding)
    i._printf_pre_padding                    0x080052d0   Section        0  printf8.o(i._printf_pre_padding)
    _printf_pre_padding                      0x080052d1   Thumb Code    46  printf8.o(i._printf_pre_padding)
    i.close_allof_interrupt                  0x08005300   Section        0  iap.o(i.close_allof_interrupt)
    close_allof_interrupt                    0x08005301   Thumb Code    24  iap.o(i.close_allof_interrupt)
    i.copy_received_msg                      0x0800531c   Section        0  iap.o(i.copy_received_msg)
    i.fputc                                  0x0800534c   Section        0  printf_reloc.o(i.fputc)
    i.iap_process                            0x08005384   Section        0  iap.o(i.iap_process)
    i.jump_to_user_application_if            0x08005788   Section        0  iap.o(i.jump_to_user_application_if)
    i.main                                   0x08005850   Section        0  main.o(i.main)
    i.makeFreeRtosPriority                   0x0800589c   Section        0  cmsis_os.o(i.makeFreeRtosPriority)
    makeFreeRtosPriority                     0x0800589d   Thumb Code    14  cmsis_os.o(i.makeFreeRtosPriority)
    i.osDelay                                0x080058aa   Section        0  cmsis_os.o(i.osDelay)
    i.osKernelStart                          0x080058c2   Section        0  cmsis_os.o(i.osKernelStart)
    i.osThreadCreate                         0x080058cc   Section        0  cmsis_os.o(i.osThreadCreate)
    i.prvAddCurrentTaskToDelayedList         0x0800592c   Section        0  tasks.o(i.prvAddCurrentTaskToDelayedList)
    prvAddCurrentTaskToDelayedList           0x0800592d   Thumb Code   124  tasks.o(i.prvAddCurrentTaskToDelayedList)
    i.prvAddNewTaskToReadyList               0x080059c4   Section        0  tasks.o(i.prvAddNewTaskToReadyList)
    prvAddNewTaskToReadyList                 0x080059c5   Thumb Code   150  tasks.o(i.prvAddNewTaskToReadyList)
    i.prvCheckTasksWaitingTermination        0x08005a78   Section        0  tasks.o(i.prvCheckTasksWaitingTermination)
    prvCheckTasksWaitingTermination          0x08005a79   Thumb Code    86  tasks.o(i.prvCheckTasksWaitingTermination)
    i.prvDeleteTCB                           0x08005adc   Section        0  tasks.o(i.prvDeleteTCB)
    prvDeleteTCB                             0x08005add   Thumb Code    80  tasks.o(i.prvDeleteTCB)
    i.prvHeapInit                            0x08005b2c   Section        0  heap_4.o(i.prvHeapInit)
    prvHeapInit                              0x08005b2d   Thumb Code    98  heap_4.o(i.prvHeapInit)
    i.prvIdleTask                            0x08005ba8   Section        0  tasks.o(i.prvIdleTask)
    prvIdleTask                              0x08005ba9   Thumb Code    32  tasks.o(i.prvIdleTask)
    i.prvInitialiseNewTask                   0x08005bd0   Section        0  tasks.o(i.prvInitialiseNewTask)
    prvInitialiseNewTask                     0x08005bd1   Thumb Code   170  tasks.o(i.prvInitialiseNewTask)
    i.prvInitialiseTaskLists                 0x08005c7c   Section        0  tasks.o(i.prvInitialiseTaskLists)
    prvInitialiseTaskLists                   0x08005c7d   Thumb Code    70  tasks.o(i.prvInitialiseTaskLists)
    i.prvInsertBlockIntoFreeList             0x08005ce4   Section        0  heap_4.o(i.prvInsertBlockIntoFreeList)
    prvInsertBlockIntoFreeList               0x08005ce5   Thumb Code    96  heap_4.o(i.prvInsertBlockIntoFreeList)
    i.prvResetNextTaskUnblockTime            0x08005d4c   Section        0  tasks.o(i.prvResetNextTaskUnblockTime)
    prvResetNextTaskUnblockTime              0x08005d4d   Thumb Code    42  tasks.o(i.prvResetNextTaskUnblockTime)
    i.prvTaskExitError                       0x08005d80   Section        0  port.o(i.prvTaskExitError)
    prvTaskExitError                         0x08005d81   Thumb Code    60  port.o(i.prvTaskExitError)
    i.pvPortMalloc                           0x08005dc0   Section        0  heap_4.o(i.pvPortMalloc)
    i.pxPortInitialiseStack                  0x08005efc   Section        0  port.o(i.pxPortInitialiseStack)
    i.received_msg_process                   0x08005f20   Section        0  iap.o(i.received_msg_process)
    i.start_usb_task                         0x08005f38   Section        0  main.o(i.start_usb_task)
    i.tx_msg_packed                          0x08005f64   Section        0  iap.o(i.tx_msg_packed)
    i.uxListRemove                           0x08005f84   Section        0  list.o(i.uxListRemove)
    i.vApplicationGetIdleTaskMemory          0x08005fac   Section        0  freertos.o(i.vApplicationGetIdleTaskMemory)
    i.vListInitialise                        0x08005fc4   Section        0  list.o(i.vListInitialise)
    i.vListInitialiseItem                    0x08005fde   Section        0  list.o(i.vListInitialiseItem)
    i.vListInsert                            0x08005fe4   Section        0  list.o(i.vListInsert)
    i.vListInsertEnd                         0x08006018   Section        0  list.o(i.vListInsertEnd)
    i.vPortEnterCritical                     0x08006030   Section        0  port.o(i.vPortEnterCritical)
    i.vPortExitCritical                      0x08006084   Section        0  port.o(i.vPortExitCritical)
    i.vPortFree                              0x080060c0   Section        0  heap_4.o(i.vPortFree)
    i.vPortSetupTimerInterrupt               0x08006154   Section        0  port.o(i.vPortSetupTimerInterrupt)
    i.vTaskDelay                             0x08006174   Section        0  tasks.o(i.vTaskDelay)
    i.vTaskStartScheduler                    0x080061d0   Section        0  tasks.o(i.vTaskStartScheduler)
    i.vTaskSuspendAll                        0x08006280   Section        0  tasks.o(i.vTaskSuspendAll)
    i.vTaskSwitchContext                     0x08006290   Section        0  tasks.o(i.vTaskSwitchContext)
    i.verify_image_info                      0x0800631c   Section        0  iap.o(i.verify_image_info)
    verify_image_info                        0x0800631d   Thumb Code    86  iap.o(i.verify_image_info)
    i.verify_image_tag                       0x08006380   Section        0  iap.o(i.verify_image_tag)
    verify_image_tag                         0x08006381   Thumb Code    56  iap.o(i.verify_image_tag)
    i.write_to_flash                         0x080063bc   Section        0  iap.o(i.write_to_flash)
    i.xPortStartScheduler                    0x08006424   Section        0  port.o(i.xPortStartScheduler)
    i.xTaskCreate                            0x080064c4   Section        0  tasks.o(i.xTaskCreate)
    i.xTaskCreateStatic                      0x08006528   Section        0  tasks.o(i.xTaskCreateStatic)
    i.xTaskIncrementTick                     0x080065b8   Section        0  tasks.o(i.xTaskIncrementTick)
    i.xTaskResumeAll                         0x08006700   Section        0  tasks.o(i.xTaskResumeAll)
    .constdata                               0x08006804   Section       28  main.o(.constdata)
    .constdata                               0x08006820   Section       24  system_stm32f1xx.o(.constdata)
    .conststring                             0x08006838   Section        9  main.o(.conststring)
    .data                                    0x20000000   Section        4  main.o(.data)
    .data                                    0x20000004   Section       28  iap.o(.data)
    .data                                    0x20000020   Section       52  usbd_desc.o(.data)
    .data                                    0x20000054   Section       16  usbd_cdc_if.o(.data)
    .data                                    0x20000064   Section        9  stm32f1xx_hal.o(.data)
    .data                                    0x20000070   Section        4  system_stm32f1xx.o(.data)
    .data                                    0x20000074   Section       60  tasks.o(.data)
    pxDelayedTaskList                        0x20000078   Data           4  tasks.o(.data)
    pxOverflowDelayedTaskList                0x2000007c   Data           4  tasks.o(.data)
    uxDeletedTasksWaitingCleanUp             0x20000080   Data           4  tasks.o(.data)
    uxCurrentNumberOfTasks                   0x20000084   Data           4  tasks.o(.data)
    xTickCount                               0x20000088   Data           4  tasks.o(.data)
    uxTopReadyPriority                       0x2000008c   Data           4  tasks.o(.data)
    xSchedulerRunning                        0x20000090   Data           4  tasks.o(.data)
    uxPendedTicks                            0x20000094   Data           4  tasks.o(.data)
    xYieldPending                            0x20000098   Data           4  tasks.o(.data)
    xNumOfOverflows                          0x2000009c   Data           4  tasks.o(.data)
    uxTaskNumber                             0x200000a0   Data           4  tasks.o(.data)
    xNextTaskUnblockTime                     0x200000a4   Data           4  tasks.o(.data)
    xIdleTaskHandle                          0x200000a8   Data           4  tasks.o(.data)
    uxSchedulerSuspended                     0x200000ac   Data           4  tasks.o(.data)
    .data                                    0x200000b0   Section       24  heap_4.o(.data)
    xStart                                   0x200000b0   Data           8  heap_4.o(.data)
    pxEnd                                    0x200000b8   Data           4  heap_4.o(.data)
    xFreeBytesRemaining                      0x200000bc   Data           4  heap_4.o(.data)
    xMinimumEverFreeBytesRemaining           0x200000c0   Data           4  heap_4.o(.data)
    xBlockAllocatedBit                       0x200000c4   Data           4  heap_4.o(.data)
    .data                                    0x200000c8   Section       12  port.o(.data)
    uxCriticalNesting                        0x200000c8   Data           4  port.o(.data)
    ucMaxSysCallPriority                     0x200000cc   Data           1  port.o(.data)
    ulMaxPRIGROUPValue                       0x200000d0   Data           4  port.o(.data)
    .data                                    0x200000d4   Section        1  usbd_ctlreq.o(.data)
    cfgidx                                   0x200000d4   Data           1  usbd_ctlreq.o(.data)
    .data                                    0x200000d8   Section      272  usbd_cdc.o(.data)
    USBD_CDC_DeviceQualifierDesc             0x200000d8   Data          10  usbd_cdc.o(.data)
    ifalt                                    0x200001e7   Data           1  usbd_cdc.o(.data)
    .data                                    0x200001e8   Section        4  stdout.o(.data)
    .bss                                     0x200001ec   Section     1508  main.o(.bss)
    .bss                                     0x200007d0   Section      596  freertos.o(.bss)
    xIdleTaskTCBBuffer                       0x200007d0   Data          84  freertos.o(.bss)
    xIdleStack                               0x20000824   Data         512  freertos.o(.bss)
    .bss                                     0x20000a24   Section       64  stm32f1xx_hal_timebase_tim.o(.bss)
    .bss                                     0x20000a64   Section      120  iap.o(.bss)
    .bss                                     0x20000adc   Section      548  usb_device.o(.bss)
    .bss                                     0x20000d00   Section      512  usbd_desc.o(.bss)
    .bss                                     0x20000f00   Section     2000  usbd_cdc_if.o(.bss)
    .bss                                     0x200016d0   Section     1664  usbd_conf.o(.bss)
    mem                                      0x20001b30   Data         544  usbd_conf.o(.bss)
    .bss                                     0x20001d50   Section       32  stm32f1xx_hal_flash.o(.bss)
    .bss                                     0x20001d70   Section      240  tasks.o(.bss)
    pxReadyTasksLists                        0x20001d70   Data         140  tasks.o(.bss)
    xDelayedTaskList1                        0x20001dfc   Data          20  tasks.o(.bss)
    xDelayedTaskList2                        0x20001e10   Data          20  tasks.o(.bss)
    xPendingReadyList                        0x20001e24   Data          20  tasks.o(.bss)
    xTasksWaitingTermination                 0x20001e38   Data          20  tasks.o(.bss)
    xSuspendedTaskList                       0x20001e4c   Data          20  tasks.o(.bss)
    .bss                                     0x20001e60   Section     3072  heap_4.o(.bss)
    ucHeap                                   0x20001e60   Data        3072  heap_4.o(.bss)
    STACK                                    0x20002a60   Section     1024  startup_stm32f103xe.o(STACK)

    Global Symbols

    Symbol Name                              Value     Ov Type        Size  Object(Section)

    BuildAttributes$$THM_ISAv4$P$D$K$B$S$PE$A:L22UL41UL21$X:L11$S22US41US21$IEEE1$IW$USESV6$~STKCKD$USESV7$~SHL$OSPACE$ROPI$EBA8$MICROLIB$REQ8$PRES8$EABIv2 0x00000000   Number         0  anon$$obj.o ABSOLUTE
    __ARM_use_no_argv                        0x00000000   Number         0  main.o ABSOLUTE
    _printf_a                                0x00000000   Number         0  stubs.o ABSOLUTE
    _printf_c                                0x00000000   Number         0  stubs.o ABSOLUTE
    _printf_charcount                        0x00000000   Number         0  stubs.o ABSOLUTE
    _printf_d                                0x00000000   Number         0  stubs.o ABSOLUTE
    _printf_e                                0x00000000   Number         0  stubs.o ABSOLUTE
    _printf_f                                0x00000000   Number         0  stubs.o ABSOLUTE
    _printf_flags                            0x00000000   Number         0  stubs.o ABSOLUTE
    _printf_fp_dec                           0x00000000   Number         0  stubs.o ABSOLUTE
    _printf_fp_hex                           0x00000000   Number         0  stubs.o ABSOLUTE
    _printf_g                                0x00000000   Number         0  stubs.o ABSOLUTE
    _printf_i                                0x00000000   Number         0  stubs.o ABSOLUTE
    _printf_int_dec                          0x00000000   Number         0  stubs.o ABSOLUTE
    _printf_l                                0x00000000   Number         0  stubs.o ABSOLUTE
    _printf_lc                               0x00000000   Number         0  stubs.o ABSOLUTE
    _printf_ll                               0x00000000   Number         0  stubs.o ABSOLUTE
    _printf_lld                              0x00000000   Number         0  stubs.o ABSOLUTE
    _printf_lli                              0x00000000   Number         0  stubs.o ABSOLUTE
    _printf_llo                              0x00000000   Number         0  stubs.o ABSOLUTE
    _printf_llu                              0x00000000   Number         0  stubs.o ABSOLUTE
    _printf_llx                              0x00000000   Number         0  stubs.o ABSOLUTE
    _printf_longlong_dec                     0x00000000   Number         0  stubs.o ABSOLUTE
    _printf_longlong_hex                     0x00000000   Number         0  stubs.o ABSOLUTE
    _printf_longlong_oct                     0x00000000   Number         0  stubs.o ABSOLUTE
    _printf_ls                               0x00000000   Number         0  stubs.o ABSOLUTE
    _printf_mbtowc                           0x00000000   Number         0  stubs.o ABSOLUTE
    _printf_n                                0x00000000   Number         0  stubs.o ABSOLUTE
    _printf_o                                0x00000000   Number         0  stubs.o ABSOLUTE
    _printf_p                                0x00000000   Number         0  stubs.o ABSOLUTE
    _printf_percent                          0x00000000   Number         0  stubs.o ABSOLUTE
    _printf_pre_padding                      0x00000000   Number         0  stubs.o ABSOLUTE
    _printf_return_value                     0x00000000   Number         0  stubs.o ABSOLUTE
    _printf_s                                0x00000000   Number         0  stubs.o ABSOLUTE
    _printf_sizespec                         0x00000000   Number         0  stubs.o ABSOLUTE
    _printf_str                              0x00000000   Number         0  stubs.o ABSOLUTE
    _printf_truncate_signed                  0x00000000   Number         0  stubs.o ABSOLUTE
    _printf_truncate_unsigned                0x00000000   Number         0  stubs.o ABSOLUTE
    _printf_u                                0x00000000   Number         0  stubs.o ABSOLUTE
    _printf_wc                               0x00000000   Number         0  stubs.o ABSOLUTE
    _printf_wctomb                           0x00000000   Number         0  stubs.o ABSOLUTE
    _printf_widthprec                        0x00000000   Number         0  stubs.o ABSOLUTE
    _printf_x                                0x00000000   Number         0  stubs.o ABSOLUTE
    __cpp_initialize__aeabi_                  - Undefined Weak Reference
    __cxa_finalize                            - Undefined Weak Reference
    _clock_init                               - Undefined Weak Reference
    _microlib_exit                            - Undefined Weak Reference
    __Vectors_Size                           0x00000130   Number         0  startup_stm32f103xe.o ABSOLUTE
    __Vectors                                0x08000000   Data           4  startup_stm32f103xe.o(RESET)
    __Vectors_End                            0x08000130   Data           0  startup_stm32f103xe.o(RESET)
    __main                                   0x08000131   Thumb Code     0  entry.o(.ARM.Collect$$$$00000000)
    _main_stk                                0x08000131   Thumb Code     0  entry2.o(.ARM.Collect$$$$00000001)
    _main_scatterload                        0x08000135   Thumb Code     0  entry5.o(.ARM.Collect$$$$00000004)
    __main_after_scatterload                 0x08000139   Thumb Code     0  entry5.o(.ARM.Collect$$$$00000004)
    _main_clock                              0x08000139   Thumb Code     0  entry7b.o(.ARM.Collect$$$$00000008)
    _main_cpp_init                           0x08000139   Thumb Code     0  entry8b.o(.ARM.Collect$$$$0000000A)
    _main_init                               0x08000139   Thumb Code     0  entry9a.o(.ARM.Collect$$$$0000000B)
    __rt_final_cpp                           0x08000141   Thumb Code     0  entry10a.o(.ARM.Collect$$$$0000000D)
    __rt_final_exit                          0x08000141   Thumb Code     0  entry11a.o(.ARM.Collect$$$$0000000F)
    __asm___5_iap_c_eb3ee8a0__the_hybrid_app_entry 0x08000145   Thumb Code    24  iap.o(.emb_text)
    SVC_Handler                              0x0800015d   Thumb Code    32  port.o(.emb_text)
    __asm___6_port_c_39a90d8d__prvStartFirstTask 0x08000181   Thumb Code    28  port.o(.emb_text)
    PendSV_Handler                           0x080001a1   Thumb Code    72  port.o(.emb_text)
    vPortGetIPSR                             0x080001ed   Thumb Code     6  port.o(.emb_text)
    Reset_Handler                            0x080001f5   Thumb Code     8  startup_stm32f103xe.o(.text)
    ADC1_2_IRQHandler                        0x0800020f   Thumb Code     0  startup_stm32f103xe.o(.text)
    ADC3_IRQHandler                          0x0800020f   Thumb Code     0  startup_stm32f103xe.o(.text)
    CAN1_RX1_IRQHandler                      0x0800020f   Thumb Code     0  startup_stm32f103xe.o(.text)
    CAN1_SCE_IRQHandler                      0x0800020f   Thumb Code     0  startup_stm32f103xe.o(.text)
    DMA1_Channel1_IRQHandler                 0x0800020f   Thumb Code     0  startup_stm32f103xe.o(.text)
    DMA1_Channel2_IRQHandler                 0x0800020f   Thumb Code     0  startup_stm32f103xe.o(.text)
    DMA1_Channel3_IRQHandler                 0x0800020f   Thumb Code     0  startup_stm32f103xe.o(.text)
    DMA1_Channel6_IRQHandler                 0x0800020f   Thumb Code     0  startup_stm32f103xe.o(.text)
    DMA1_Channel7_IRQHandler                 0x0800020f   Thumb Code     0  startup_stm32f103xe.o(.text)
    DMA2_Channel1_IRQHandler                 0x0800020f   Thumb Code     0  startup_stm32f103xe.o(.text)
    DMA2_Channel2_IRQHandler                 0x0800020f   Thumb Code     0  startup_stm32f103xe.o(.text)
    EXTI0_IRQHandler                         0x0800020f   Thumb Code     0  startup_stm32f103xe.o(.text)
    EXTI15_10_IRQHandler                     0x0800020f   Thumb Code     0  startup_stm32f103xe.o(.text)
    EXTI1_IRQHandler                         0x0800020f   Thumb Code     0  startup_stm32f103xe.o(.text)
    EXTI2_IRQHandler                         0x0800020f   Thumb Code     0  startup_stm32f103xe.o(.text)
    EXTI3_IRQHandler                         0x0800020f   Thumb Code     0  startup_stm32f103xe.o(.text)
    EXTI4_IRQHandler                         0x0800020f   Thumb Code     0  startup_stm32f103xe.o(.text)
    EXTI9_5_IRQHandler                       0x0800020f   Thumb Code     0  startup_stm32f103xe.o(.text)
    FLASH_IRQHandler                         0x0800020f   Thumb Code     0  startup_stm32f103xe.o(.text)
    FSMC_IRQHandler                          0x0800020f   Thumb Code     0  startup_stm32f103xe.o(.text)
    I2C1_ER_IRQHandler                       0x0800020f   Thumb Code     0  startup_stm32f103xe.o(.text)
    I2C1_EV_IRQHandler                       0x0800020f   Thumb Code     0  startup_stm32f103xe.o(.text)
    I2C2_ER_IRQHandler                       0x0800020f   Thumb Code     0  startup_stm32f103xe.o(.text)
    I2C2_EV_IRQHandler                       0x0800020f   Thumb Code     0  startup_stm32f103xe.o(.text)
    PVD_IRQHandler                           0x0800020f   Thumb Code     0  startup_stm32f103xe.o(.text)
    RCC_IRQHandler                           0x0800020f   Thumb Code     0  startup_stm32f103xe.o(.text)
    RTC_Alarm_IRQHandler                     0x0800020f   Thumb Code     0  startup_stm32f103xe.o(.text)
    RTC_IRQHandler                           0x0800020f   Thumb Code     0  startup_stm32f103xe.o(.text)
    SDIO_IRQHandler                          0x0800020f   Thumb Code     0  startup_stm32f103xe.o(.text)
    SPI1_IRQHandler                          0x0800020f   Thumb Code     0  startup_stm32f103xe.o(.text)
    SPI2_IRQHandler                          0x0800020f   Thumb Code     0  startup_stm32f103xe.o(.text)
    SPI3_IRQHandler                          0x0800020f   Thumb Code     0  startup_stm32f103xe.o(.text)
    TAMPER_IRQHandler                        0x0800020f   Thumb Code     0  startup_stm32f103xe.o(.text)
    TIM1_BRK_IRQHandler                      0x0800020f   Thumb Code     0  startup_stm32f103xe.o(.text)
    TIM1_CC_IRQHandler                       0x0800020f   Thumb Code     0  startup_stm32f103xe.o(.text)
    TIM1_TRG_COM_IRQHandler                  0x0800020f   Thumb Code     0  startup_stm32f103xe.o(.text)
    TIM2_IRQHandler                          0x0800020f   Thumb Code     0  startup_stm32f103xe.o(.text)
    TIM3_IRQHandler                          0x0800020f   Thumb Code     0  startup_stm32f103xe.o(.text)
    TIM4_IRQHandler                          0x0800020f   Thumb Code     0  startup_stm32f103xe.o(.text)
    TIM5_IRQHandler                          0x0800020f   Thumb Code     0  startup_stm32f103xe.o(.text)
    TIM6_IRQHandler                          0x0800020f   Thumb Code     0  startup_stm32f103xe.o(.text)
    TIM7_IRQHandler                          0x0800020f   Thumb Code     0  startup_stm32f103xe.o(.text)
    TIM8_BRK_IRQHandler                      0x0800020f   Thumb Code     0  startup_stm32f103xe.o(.text)
    TIM8_CC_IRQHandler                       0x0800020f   Thumb Code     0  startup_stm32f103xe.o(.text)
    TIM8_TRG_COM_IRQHandler                  0x0800020f   Thumb Code     0  startup_stm32f103xe.o(.text)
    TIM8_UP_IRQHandler                       0x0800020f   Thumb Code     0  startup_stm32f103xe.o(.text)
    UART4_IRQHandler                         0x0800020f   Thumb Code     0  startup_stm32f103xe.o(.text)
    UART5_IRQHandler                         0x0800020f   Thumb Code     0  startup_stm32f103xe.o(.text)
    USART1_IRQHandler                        0x0800020f   Thumb Code     0  startup_stm32f103xe.o(.text)
    USART2_IRQHandler                        0x0800020f   Thumb Code     0  startup_stm32f103xe.o(.text)
    USART3_IRQHandler                        0x0800020f   Thumb Code     0  startup_stm32f103xe.o(.text)
    USBWakeUp_IRQHandler                     0x0800020f   Thumb Code     0  startup_stm32f103xe.o(.text)
    USB_HP_CAN1_TX_IRQHandler                0x0800020f   Thumb Code     0  startup_stm32f103xe.o(.text)
    WWDG_IRQHandler                          0x0800020f   Thumb Code     0  startup_stm32f103xe.o(.text)
    __aeabi_llsr                             0x08000219   Thumb Code    32  llushr.o(.text)
    _ll_ushift_r                             0x08000219   Thumb Code     0  llushr.o(.text)
    __aeabi_memcpy                           0x08000239   Thumb Code    36  memcpya.o(.text)
    __aeabi_memcpy4                          0x08000239   Thumb Code     0  memcpya.o(.text)
    __aeabi_memcpy8                          0x08000239   Thumb Code     0  memcpya.o(.text)
    __aeabi_memset                           0x0800025d   Thumb Code    14  memseta.o(.text)
    __aeabi_memset4                          0x0800025d   Thumb Code     0  memseta.o(.text)
    __aeabi_memset8                          0x0800025d   Thumb Code     0  memseta.o(.text)
    __aeabi_memclr                           0x0800026b   Thumb Code     4  memseta.o(.text)
    __aeabi_memclr4                          0x0800026b   Thumb Code     0  memseta.o(.text)
    __aeabi_memclr8                          0x0800026b   Thumb Code     0  memseta.o(.text)
    _memset$wrapper                          0x0800026f   Thumb Code    18  memseta.o(.text)
    __aeabi_uldivmod                         0x08000281   Thumb Code    98  uldiv.o(.text)
    __scatterload                            0x080002e5   Thumb Code    28  init.o(.text)
    __scatterload_rt2                        0x080002e5   Thumb Code     0  init.o(.text)
    __aeabi_llsl                             0x08000309   Thumb Code    30  llshl.o(.text)
    _ll_shift_l                              0x08000309   Thumb Code     0  llshl.o(.text)
    __decompress                             0x08000327   Thumb Code     0  __dczerorl2.o(.text)
    __decompress1                            0x08000327   Thumb Code    86  __dczerorl2.o(.text)
    BusFault_Handler                         0x0800037d   Thumb Code     4  stm32f1xx_it.o(i.BusFault_Handler)
    DMA1_Channel4_IRQHandler                 0x080003ed   Thumb Code    10  stm32f1xx_it.o(i.DMA1_Channel4_IRQHandler)
    DebugMon_Handler                         0x080003fd   Thumb Code     2  stm32f1xx_it.o(i.DebugMon_Handler)
    Error_Handler                            0x080003ff   Thumb Code     2  main.o(i.Error_Handler)
    firmware_magic_number_address            0x08000400   Data           4  iap.o(.ARM.__AT_0x08000400)
    CDC_Transmit_FS                          0x08000429   Thumb Code    50  usbd_cdc_if.o(i.CDC_Transmit_FS)
    CPUHeartBeatInit                         0x08000461   Thumb Code    30  delay_cpu_clk.o(i.CPUHeartBeatInit)
    ConfigTraceSWO                           0x08000489   Thumb Code    20  printf_reloc.o(i.ConfigTraceSWO)
    DMA1_Channel5_IRQHandler                 0x080004ad   Thumb Code    10  stm32f1xx_it.o(i.DMA1_Channel5_IRQHandler)
    DMA2_Channel3_IRQHandler                 0x080004bd   Thumb Code    10  stm32f1xx_it.o(i.DMA2_Channel3_IRQHandler)
    DMA2_Channel4_5_IRQHandler               0x080004cd   Thumb Code    10  stm32f1xx_it.o(i.DMA2_Channel4_5_IRQHandler)
    Delay_Clk                                0x080004dd   Thumb Code    18  delay_cpu_clk.o(i.Delay_Clk)
    FLASH_PageErase                          0x0800051d   Thumb Code    32  stm32f1xx_hal_flash_ex.o(i.FLASH_PageErase)
    FLASH_WaitForLastOperation               0x080005e9   Thumb Code   106  stm32f1xx_hal_flash.o(i.FLASH_WaitForLastOperation)
    HAL_DMA_IRQHandler                       0x08000659   Thumb Code   910  stm32f1xx_hal_dma.o(i.HAL_DMA_IRQHandler)
    HAL_DMA_Init                             0x080009f1   Thumb Code   132  stm32f1xx_hal_dma.o(i.HAL_DMA_Init)
    HAL_FLASHEx_Erase                        0x08000a7d   Thumb Code   182  stm32f1xx_hal_flash_ex.o(i.HAL_FLASHEx_Erase)
    HAL_FLASH_Program                        0x08000b71   Thumb Code   168  stm32f1xx_hal_flash.o(i.HAL_FLASH_Program)
    HAL_FLASH_Unlock                         0x08000c21   Thumb Code    36  stm32f1xx_hal_flash.o(i.HAL_FLASH_Unlock)
    HAL_GPIO_Init                            0x08000c51   Thumb Code   790  stm32f1xx_hal_gpio.o(i.HAL_GPIO_Init)
    HAL_GetTick                              0x08000f91   Thumb Code     6  stm32f1xx_hal.o(i.HAL_GetTick)
    HAL_IncTick                              0x08000f9d   Thumb Code    16  stm32f1xx_hal.o(i.HAL_IncTick)
    HAL_Init                                 0x08000fb5   Thumb Code    34  stm32f1xx_hal.o(i.HAL_Init)
    HAL_InitTick                             0x08000fdd   Thumb Code   118  stm32f1xx_hal_timebase_tim.o(i.HAL_InitTick)
    HAL_MspInit                              0x08001065   Thumb Code   142  stm32f1xx_hal_msp.o(i.HAL_MspInit)
    HAL_NVIC_EnableIRQ                       0x080010fd   Thumb Code    26  stm32f1xx_hal_cortex.o(i.HAL_NVIC_EnableIRQ)
    HAL_NVIC_SetPriority                     0x08001117   Thumb Code   124  stm32f1xx_hal_cortex.o(i.HAL_NVIC_SetPriority)
    HAL_NVIC_SetPriorityGrouping             0x08001195   Thumb Code    32  stm32f1xx_hal_cortex.o(i.HAL_NVIC_SetPriorityGrouping)
    HAL_PCDEx_PMAConfig                      0x080011bd   Thumb Code    62  stm32f1xx_hal_pcd_ex.o(i.HAL_PCDEx_PMAConfig)
    HAL_PCDEx_SetConnectionState             0x080011fb   Thumb Code     2  usbd_conf.o(i.HAL_PCDEx_SetConnectionState)
    HAL_PCD_DataInStageCallback              0x080011fd   Thumb Code    28  usbd_conf.o(i.HAL_PCD_DataInStageCallback)
    HAL_PCD_DataOutStageCallback             0x08001219   Thumb Code    28  usbd_conf.o(i.HAL_PCD_DataOutStageCallback)
    HAL_PCD_EP_Close                         0x08001235   Thumb Code   100  stm32f1xx_hal_pcd.o(i.HAL_PCD_EP_Close)
    HAL_PCD_EP_ClrStall                      0x08001299   Thumb Code    98  stm32f1xx_hal_pcd.o(i.HAL_PCD_EP_ClrStall)
    HAL_PCD_EP_GetRxCount                    0x080012fb   Thumb Code    20  stm32f1xx_hal_pcd.o(i.HAL_PCD_EP_GetRxCount)
    HAL_PCD_EP_Open                          0x0800130f   Thumb Code   118  stm32f1xx_hal_pcd.o(i.HAL_PCD_EP_Open)
    HAL_PCD_EP_Receive                       0x08001385   Thumb Code    74  stm32f1xx_hal_pcd.o(i.HAL_PCD_EP_Receive)
    HAL_PCD_EP_SetStall                      0x080013cf   Thumb Code   114  stm32f1xx_hal_pcd.o(i.HAL_PCD_EP_SetStall)
    HAL_PCD_EP_Transmit                      0x08001441   Thumb Code    76  stm32f1xx_hal_pcd.o(i.HAL_PCD_EP_Transmit)
    HAL_PCD_IRQHandler                       0x0800148d   Thumb Code   360  stm32f1xx_hal_pcd.o(i.HAL_PCD_IRQHandler)
    HAL_PCD_Init                             0x080015f5   Thumb Code   282  stm32f1xx_hal_pcd.o(i.HAL_PCD_Init)
    HAL_PCD_MspInit                          0x08001711   Thumb Code    58  usbd_conf.o(i.HAL_PCD_MspInit)
    HAL_PCD_ResetCallback                    0x08001755   Thumb Code    42  usbd_conf.o(i.HAL_PCD_ResetCallback)
    HAL_PCD_ResumeCallback                   0x0800177f   Thumb Code    14  usbd_conf.o(i.HAL_PCD_ResumeCallback)
    HAL_PCD_SOFCallback                      0x0800178d   Thumb Code    14  usbd_conf.o(i.HAL_PCD_SOFCallback)
    HAL_PCD_SetAddress                       0x0800179b   Thumb Code    54  stm32f1xx_hal_pcd.o(i.HAL_PCD_SetAddress)
    HAL_PCD_SetupStageCallback               0x080017d1   Thumb Code    18  usbd_conf.o(i.HAL_PCD_SetupStageCallback)
    HAL_PCD_Start                            0x080017e3   Thumb Code    60  stm32f1xx_hal_pcd.o(i.HAL_PCD_Start)
    HAL_PCD_SuspendCallback                  0x08001821   Thumb Code    30  usbd_conf.o(i.HAL_PCD_SuspendCallback)
    HAL_RCCEx_PeriphCLKConfig                0x08001845   Thumb Code   290  stm32f1xx_hal_rcc_ex.o(i.HAL_RCCEx_PeriphCLKConfig)
    HAL_RCC_ClockConfig                      0x08001975   Thumb Code   446  stm32f1xx_hal_rcc.o(i.HAL_RCC_ClockConfig)
    HAL_RCC_DeInit                           0x08001b45   Thumb Code   252  stm32f1xx_hal_rcc.o(i.HAL_RCC_DeInit)
    HAL_RCC_GetClockConfig                   0x08001c4d   Thumb Code    58  stm32f1xx_hal_rcc.o(i.HAL_RCC_GetClockConfig)
    HAL_RCC_GetHCLKFreq                      0x08001c91   Thumb Code     6  stm32f1xx_hal_rcc.o(i.HAL_RCC_GetHCLKFreq)
    HAL_RCC_GetPCLK1Freq                     0x08001c9d   Thumb Code    22  stm32f1xx_hal_rcc.o(i.HAL_RCC_GetPCLK1Freq)
    HAL_RCC_GetPCLK2Freq                     0x08001cbd   Thumb Code    22  stm32f1xx_hal_rcc.o(i.HAL_RCC_GetPCLK2Freq)
    HAL_RCC_GetSysClockFreq                  0x08001cdd   Thumb Code   116  stm32f1xx_hal_rcc.o(i.HAL_RCC_GetSysClockFreq)
    HAL_RCC_OscConfig                        0x08001d75   Thumb Code  1078  stm32f1xx_hal_rcc.o(i.HAL_RCC_OscConfig)
    HAL_TIMEx_BreakCallback                  0x080021b5   Thumb Code     2  stm32f1xx_hal_tim_ex.o(i.HAL_TIMEx_BreakCallback)
    HAL_TIMEx_CommutationCallback            0x080021b7   Thumb Code     2  stm32f1xx_hal_tim_ex.o(i.HAL_TIMEx_CommutationCallback)
    HAL_TIM_Base_Init                        0x080021b9   Thumb Code    52  stm32f1xx_hal_tim.o(i.HAL_TIM_Base_Init)
    HAL_TIM_Base_MspInit                     0x080021ed   Thumb Code     2  stm32f1xx_hal_tim.o(i.HAL_TIM_Base_MspInit)
    HAL_TIM_Base_Start_IT                    0x080021ef   Thumb Code    30  stm32f1xx_hal_tim.o(i.HAL_TIM_Base_Start_IT)
    HAL_TIM_IC_CaptureCallback               0x0800220d   Thumb Code     2  stm32f1xx_hal_tim.o(i.HAL_TIM_IC_CaptureCallback)
    HAL_TIM_IRQHandler                       0x0800220f   Thumb Code   406  stm32f1xx_hal_tim.o(i.HAL_TIM_IRQHandler)
    HAL_TIM_OC_DelayElapsedCallback          0x080023a5   Thumb Code     2  stm32f1xx_hal_tim.o(i.HAL_TIM_OC_DelayElapsedCallback)
    HAL_TIM_PWM_PulseFinishedCallback        0x080023a7   Thumb Code     2  stm32f1xx_hal_tim.o(i.HAL_TIM_PWM_PulseFinishedCallback)
    HAL_TIM_PeriodElapsedCallback            0x080023a9   Thumb Code    18  main.o(i.HAL_TIM_PeriodElapsedCallback)
    HAL_TIM_TriggerCallback                  0x080023c1   Thumb Code     2  stm32f1xx_hal_tim.o(i.HAL_TIM_TriggerCallback)
    HAL_UART_Init                            0x080023c3   Thumb Code   114  stm32f1xx_hal_uart.o(i.HAL_UART_Init)
    HAL_UART_MspInit                         0x08002435   Thumb Code   428  stm32f1xx_hal_msp.o(i.HAL_UART_MspInit)
    HardFault_Handler                        0x0800260d   Thumb Code     4  stm32f1xx_it.o(i.HardFault_Handler)
    MX_USB_DEVICE_Init                       0x08002941   Thumb Code    36  usb_device.o(i.MX_USB_DEVICE_Init)
    MemManage_Handler                        0x08002975   Thumb Code     4  stm32f1xx_it.o(i.MemManage_Handler)
    NMI_Handler                              0x08002979   Thumb Code     2  stm32f1xx_it.o(i.NMI_Handler)
    SysTick_Handler                          0x08002e21   Thumb Code    46  port.o(i.SysTick_Handler)
    SystemClock_Config                       0x08002e55   Thumb Code   128  main.o(i.SystemClock_Config)
    SystemInit                               0x08002ed5   Thumb Code    70  system_stm32f1xx.o(i.SystemInit)
    TIM1_UP_IRQHandler                       0x08002f2d   Thumb Code    10  stm32f1xx_it.o(i.TIM1_UP_IRQHandler)
    TIM_Base_SetConfig                       0x08002f3d   Thumb Code   132  stm32f1xx_hal_tim.o(i.TIM_Base_SetConfig)
    USBD_CDC_GetDeviceQualifierDescriptor    0x0800325d   Thumb Code    10  usbd_cdc.o(i.USBD_CDC_GetDeviceQualifierDescriptor)
    USBD_CDC_ReceivePacket                   0x08003343   Thumb Code    58  usbd_cdc.o(i.USBD_CDC_ReceivePacket)
    USBD_CDC_RegisterInterface               0x0800337d   Thumb Code    14  usbd_cdc.o(i.USBD_CDC_RegisterInterface)
    USBD_CDC_SetRxBuffer                     0x0800338b   Thumb Code    14  usbd_cdc.o(i.USBD_CDC_SetRxBuffer)
    USBD_CDC_SetTxBuffer                     0x08003399   Thumb Code    20  usbd_cdc.o(i.USBD_CDC_SetTxBuffer)
    USBD_CDC_TransmitPacket                  0x0800343d   Thumb Code    56  usbd_cdc.o(i.USBD_CDC_TransmitPacket)
    USBD_ClrClassConfig                      0x08003475   Thumb Code    22  usbd_core.o(i.USBD_ClrClassConfig)
    USBD_CtlContinueRx                       0x080034cf   Thumb Code    24  usbd_ioreq.o(i.USBD_CtlContinueRx)
    USBD_CtlContinueSendData                 0x080034e7   Thumb Code    24  usbd_ioreq.o(i.USBD_CtlContinueSendData)
    USBD_CtlError                            0x080034ff   Thumb Code    24  usbd_ctlreq.o(i.USBD_CtlError)
    USBD_CtlPrepareRx                        0x08003517   Thumb Code    40  usbd_ioreq.o(i.USBD_CtlPrepareRx)
    USBD_CtlReceiveStatus                    0x0800353f   Thumb Code    26  usbd_ioreq.o(i.USBD_CtlReceiveStatus)
    USBD_CtlSendData                         0x08003559   Thumb Code    34  usbd_ioreq.o(i.USBD_CtlSendData)
    USBD_CtlSendStatus                       0x0800357b   Thumb Code    26  usbd_ioreq.o(i.USBD_CtlSendStatus)
    USBD_FS_ConfigStrDescriptor              0x08003595   Thumb Code    34  usbd_desc.o(i.USBD_FS_ConfigStrDescriptor)
    USBD_FS_DeviceDescriptor                 0x080035c9   Thumb Code    10  usbd_desc.o(i.USBD_FS_DeviceDescriptor)
    USBD_FS_InterfaceStrDescriptor           0x080035d9   Thumb Code    34  usbd_desc.o(i.USBD_FS_InterfaceStrDescriptor)
    USBD_FS_LangIDStrDescriptor              0x08003611   Thumb Code    10  usbd_desc.o(i.USBD_FS_LangIDStrDescriptor)
    USBD_FS_ManufacturerStrDescriptor        0x08003621   Thumb Code    20  usbd_desc.o(i.USBD_FS_ManufacturerStrDescriptor)
    USBD_FS_ProductStrDescriptor             0x0800364d   Thumb Code    34  usbd_desc.o(i.USBD_FS_ProductStrDescriptor)
    USBD_FS_SerialStrDescriptor              0x0800368d   Thumb Code    34  usbd_desc.o(i.USBD_FS_SerialStrDescriptor)
    USBD_GetString                           0x080038b5   Thumb Code    82  usbd_ctlreq.o(i.USBD_GetString)
    USBD_Init                                0x08003909   Thumb Code    68  usbd_core.o(i.USBD_Init)
    USBD_LL_ClearStallEP                     0x08003971   Thumb Code    68  usbd_conf.o(i.USBD_LL_ClearStallEP)
    USBD_LL_CloseEP                          0x080039b5   Thumb Code    68  usbd_conf.o(i.USBD_LL_CloseEP)
    USBD_LL_DataInStage                      0x080039f9   Thumb Code   218  usbd_core.o(i.USBD_LL_DataInStage)
    USBD_LL_DataOutStage                     0x08003ad3   Thumb Code   134  usbd_core.o(i.USBD_LL_DataOutStage)
    USBD_LL_GetRxDataSize                    0x08003b59   Thumb Code    18  usbd_conf.o(i.USBD_LL_GetRxDataSize)
    USBD_LL_Init                             0x08003b6d   Thumb Code   128  usbd_conf.o(i.USBD_LL_Init)
    USBD_LL_IsStallEP                        0x08003bf5   Thumb Code    48  usbd_conf.o(i.USBD_LL_IsStallEP)
    USBD_LL_OpenEP                           0x08003c25   Thumb Code    98  usbd_conf.o(i.USBD_LL_OpenEP)
    USBD_LL_PrepareReceive                   0x08003c87   Thumb Code    98  usbd_conf.o(i.USBD_LL_PrepareReceive)
    USBD_LL_Reset                            0x08003ce9   Thumb Code    68  usbd_core.o(i.USBD_LL_Reset)
    USBD_LL_Resume                           0x08003d2d   Thumb Code    14  usbd_core.o(i.USBD_LL_Resume)
    USBD_LL_SOF                              0x08003d3b   Thumb Code    34  usbd_core.o(i.USBD_LL_SOF)
    USBD_LL_SetSpeed                         0x08003d5d   Thumb Code     8  usbd_core.o(i.USBD_LL_SetSpeed)
    USBD_LL_SetUSBAddress                    0x08003d65   Thumb Code    68  usbd_conf.o(i.USBD_LL_SetUSBAddress)
    USBD_LL_SetupStage                       0x08003da9   Thumb Code   110  usbd_core.o(i.USBD_LL_SetupStage)
    USBD_LL_StallEP                          0x08003e17   Thumb Code    68  usbd_conf.o(i.USBD_LL_StallEP)
    USBD_LL_Start                            0x08003e5b   Thumb Code    60  usbd_conf.o(i.USBD_LL_Start)
    USBD_LL_Suspend                          0x08003e97   Thumb Code    20  usbd_core.o(i.USBD_LL_Suspend)
    USBD_LL_Transmit                         0x08003eab   Thumb Code    98  usbd_conf.o(i.USBD_LL_Transmit)
    USBD_ParseSetupRequest                   0x08003f0d   Thumb Code    40  usbd_ctlreq.o(i.USBD_ParseSetupRequest)
    USBD_RegisterClass                       0x08003f35   Thumb Code    40  usbd_core.o(i.USBD_RegisterClass)
    USBD_RunTestMode                         0x08003f81   Thumb Code     6  usbd_core.o(i.USBD_RunTestMode)
    USBD_SetClassConfig                      0x08003fdb   Thumb Code    34  usbd_core.o(i.USBD_SetClassConfig)
    USBD_Start                               0x08004101   Thumb Code    14  usbd_core.o(i.USBD_Start)
    USBD_StdDevReq                           0x0800410f   Thumb Code   114  usbd_ctlreq.o(i.USBD_StdDevReq)
    USBD_StdEPReq                            0x08004181   Thumb Code   342  usbd_ctlreq.o(i.USBD_StdEPReq)
    USBD_StdItfReq                           0x080042d7   Thumb Code    74  usbd_ctlreq.o(i.USBD_StdItfReq)
    USBD_static_free                         0x08004321   Thumb Code     2  usbd_conf.o(i.USBD_static_free)
    USBD_static_malloc                       0x08004325   Thumb Code     6  usbd_conf.o(i.USBD_static_malloc)
    USB_ActivateEndpoint                     0x08004331   Thumb Code   938  stm32f1xx_ll_usb.o(i.USB_ActivateEndpoint)
    USB_CoreInit                             0x080046db   Thumb Code     8  stm32f1xx_ll_usb.o(i.USB_CoreInit)
    USB_DeactivateEndpoint                   0x080046e3   Thumb Code   532  stm32f1xx_ll_usb.o(i.USB_DeactivateEndpoint)
    USB_DevConnect                           0x080048f7   Thumb Code     6  stm32f1xx_ll_usb.o(i.USB_DevConnect)
    USB_DevDisconnect                        0x080048fd   Thumb Code     6  stm32f1xx_ll_usb.o(i.USB_DevDisconnect)
    USB_DevInit                              0x08004903   Thumb Code    30  stm32f1xx_ll_usb.o(i.USB_DevInit)
    USB_DisableGlobalInt                     0x08004921   Thumb Code    22  stm32f1xx_ll_usb.o(i.USB_DisableGlobalInt)
    USB_EP0_OutStart                         0x08004937   Thumb Code     6  stm32f1xx_ll_usb.o(i.USB_EP0_OutStart)
    USB_EPClearStall                         0x0800493d   Thumb Code   180  stm32f1xx_ll_usb.o(i.USB_EPClearStall)
    USB_EPSetStall                           0x080049f1   Thumb Code   134  stm32f1xx_ll_usb.o(i.USB_EPSetStall)
    USB_EPStartXfer                          0x08004a77   Thumb Code   818  stm32f1xx_ll_usb.o(i.USB_EPStartXfer)
    USB_EnableGlobalInt                      0x08004da9   Thumb Code    22  stm32f1xx_ll_usb.o(i.USB_EnableGlobalInt)
    USB_LP_CAN1_RX0_IRQHandler               0x08004dc1   Thumb Code    10  stm32f1xx_it.o(i.USB_LP_CAN1_RX0_IRQHandler)
    USB_ReadInterrupts                       0x08004dd1   Thumb Code    10  stm32f1xx_ll_usb.o(i.USB_ReadInterrupts)
    USB_ReadPMA                              0x08004ddb   Thumb Code    40  stm32f1xx_ll_usb.o(i.USB_ReadPMA)
    USB_SetCurrentMode                       0x08004e03   Thumb Code     6  stm32f1xx_ll_usb.o(i.USB_SetCurrentMode)
    USB_SetDevAddress                        0x08004e09   Thumb Code    14  stm32f1xx_ll_usb.o(i.USB_SetDevAddress)
    USB_WritePMA                             0x08004e17   Thumb Code    66  stm32f1xx_ll_usb.o(i.USB_WritePMA)
    UsageFault_Handler                       0x08004e59   Thumb Code     4  stm32f1xx_it.o(i.UsageFault_Handler)
    __0printf$8                              0x08004e5d   Thumb Code    22  printf8.o(i.__0printf$8)
    __1printf$8                              0x08004e5d   Thumb Code     0  printf8.o(i.__0printf$8)
    __2printf                                0x08004e5d   Thumb Code     0  printf8.o(i.__0printf$8)
    __scatterload_copy                       0x08004e7d   Thumb Code    14  handlers.o(i.__scatterload_copy)
    __scatterload_null                       0x08004e8b   Thumb Code     2  handlers.o(i.__scatterload_null)
    __scatterload_zeroinit                   0x08004e8d   Thumb Code    14  handlers.o(i.__scatterload_zeroinit)
    copy_received_msg                        0x0800531d   Thumb Code    38  iap.o(i.copy_received_msg)
    fputc                                    0x0800534d   Thumb Code    52  printf_reloc.o(i.fputc)
    iap_process                              0x08005385   Thumb Code   586  iap.o(i.iap_process)
    jump_to_user_application_if              0x08005789   Thumb Code   112  iap.o(i.jump_to_user_application_if)
    main                                     0x08005851   Thumb Code    68  main.o(i.main)
    osDelay                                  0x080058ab   Thumb Code    24  cmsis_os.o(i.osDelay)
    osKernelStart                            0x080058c3   Thumb Code    10  cmsis_os.o(i.osKernelStart)
    osThreadCreate                           0x080058cd   Thumb Code    94  cmsis_os.o(i.osThreadCreate)
    pvPortMalloc                             0x08005dc1   Thumb Code   296  heap_4.o(i.pvPortMalloc)
    pxPortInitialiseStack                    0x08005efd   Thumb Code    30  port.o(i.pxPortInitialiseStack)
    received_msg_process                     0x08005f21   Thumb Code    14  iap.o(i.received_msg_process)
    start_usb_task                           0x08005f39   Thumb Code    36  main.o(i.start_usb_task)
    tx_msg_packed                            0x08005f65   Thumb Code    28  iap.o(i.tx_msg_packed)
    uxListRemove                             0x08005f85   Thumb Code    40  list.o(i.uxListRemove)
    vApplicationGetIdleTaskMemory            0x08005fad   Thumb Code    14  freertos.o(i.vApplicationGetIdleTaskMemory)
    vListInitialise                          0x08005fc5   Thumb Code    26  list.o(i.vListInitialise)
    vListInitialiseItem                      0x08005fdf   Thumb Code     6  list.o(i.vListInitialiseItem)
    vListInsert                              0x08005fe5   Thumb Code    52  list.o(i.vListInsert)
    vListInsertEnd                           0x08006019   Thumb Code    24  list.o(i.vListInsertEnd)
    vPortEnterCritical                       0x08006031   Thumb Code    76  port.o(i.vPortEnterCritical)
    vPortExitCritical                        0x08006085   Thumb Code    56  port.o(i.vPortExitCritical)
    vPortFree                                0x080060c1   Thumb Code   140  heap_4.o(i.vPortFree)
    vPortSetupTimerInterrupt                 0x08006155   Thumb Code    26  port.o(i.vPortSetupTimerInterrupt)
    vTaskDelay                               0x08006175   Thumb Code    82  tasks.o(i.vTaskDelay)
    vTaskStartScheduler                      0x080061d1   Thumb Code   146  tasks.o(i.vTaskStartScheduler)
    vTaskSuspendAll                          0x08006281   Thumb Code    12  tasks.o(i.vTaskSuspendAll)
    vTaskSwitchContext                       0x08006291   Thumb Code   118  tasks.o(i.vTaskSwitchContext)
    write_to_flash                           0x080063bd   Thumb Code    92  iap.o(i.write_to_flash)
    xPortStartScheduler                      0x08006425   Thumb Code   140  port.o(i.xPortStartScheduler)
    xTaskCreate                              0x080064c5   Thumb Code   100  tasks.o(i.xTaskCreate)
    xTaskCreateStatic                        0x08006529   Thumb Code   144  tasks.o(i.xTaskCreateStatic)
    xTaskIncrementTick                       0x080065b9   Thumb Code   282  tasks.o(i.xTaskIncrementTick)
    xTaskResumeAll                           0x08006701   Thumb Code   224  tasks.o(i.xTaskResumeAll)
    AHBPrescTable                            0x08006820   Data          16  system_stm32f1xx.o(.constdata)
    APBPrescTable                            0x08006830   Data           8  system_stm32f1xx.o(.constdata)
    Region$$Table$$Base                      0x08006844   Number         0  anon$$obj.o(Region$$Table)
    Region$$Table$$Limit                     0x08006864   Number         0  anon$$obj.o(Region$$Table)
    usb_taskHandle                           0x20000000   Data           4  main.o(.data)
    received_usb_msg                         0x20000004   Data           4  iap.o(.data)
    flash_update_status                      0x20000008   Data           4  iap.o(.data)
    earse_application_image                  0x2000000c   Data          16  iap.o(.data)
    ErrorSector                              0x2000001c   Data           4  iap.o(.data)
    FS_Desc                                  0x20000020   Data          28  usbd_desc.o(.data)
    USBD_FS_DeviceDesc                       0x2000003c   Data          18  usbd_desc.o(.data)
    USBD_LangIDDesc                          0x20000050   Data           4  usbd_desc.o(.data)
    USBD_Interface_fops_FS                   0x20000054   Data          16  usbd_cdc_if.o(.data)
    uwTick                                   0x20000064   Data           4  stm32f1xx_hal.o(.data)
    uwTickPrio                               0x20000068   Data           4  stm32f1xx_hal.o(.data)
    uwTickFreq                               0x2000006c   Data           1  stm32f1xx_hal.o(.data)
    SystemCoreClock                          0x20000070   Data           4  system_stm32f1xx.o(.data)
    pxCurrentTCB                             0x20000074   Data           4  tasks.o(.data)
    USBD_CDC                                 0x200000e4   Data          56  usbd_cdc.o(.data)
    USBD_CDC_CfgHSDesc                       0x2000011c   Data          67  usbd_cdc.o(.data)
    USBD_CDC_CfgFSDesc                       0x20000160   Data          67  usbd_cdc.o(.data)
    USBD_CDC_OtherSpeedCfgDesc               0x200001a4   Data          67  usbd_cdc.o(.data)
    __stdout                                 0x200001e8   Data           4  stdout.o(.data)
    huart4                                   0x200001ec   Data          64  main.o(.bss)
    huart1                                   0x2000022c   Data          64  main.o(.bss)
    hdma_uart4_rx                            0x2000026c   Data          68  main.o(.bss)
    hdma_uart4_tx                            0x200002b0   Data          68  main.o(.bss)
    hdma_usart1_rx                           0x200002f4   Data          68  main.o(.bss)
    hdma_usart1_tx                           0x20000338   Data          68  main.o(.bss)
    usb_task_buffer                          0x2000037c   Data        1024  main.o(.bss)
    usb_task_control_block                   0x2000077c   Data          84  main.o(.bss)
    htim1                                    0x20000a24   Data          64  stm32f1xx_hal_timebase_tim.o(.bss)
    msg_rx_usb                               0x20000a64   Data          60  iap.o(.bss)
    msg_tx_usb                               0x20000aa0   Data          60  iap.o(.bss)
    hUsbDeviceFS                             0x20000adc   Data         548  usb_device.o(.bss)
    USBD_StrDesc                             0x20000d00   Data         512  usbd_desc.o(.bss)
    UserRxBufferFS                           0x20000f00   Data        1000  usbd_cdc_if.o(.bss)
    UserTxBufferFS                           0x200012e8   Data        1000  usbd_cdc_if.o(.bss)
    hpcd_USB_FS                              0x200016d0   Data        1120  usbd_conf.o(.bss)
    pFlash                                   0x20001d50   Data          32  stm32f1xx_hal_flash.o(.bss)
    __initial_sp                             0x20002e60   Data           0  startup_stm32f103xe.o(STACK)



==============================================================================

Memory Map of the image

  Image Entry point : 0x08000131

  Load Region LR_IROM1 (Base: 0x08000000, Size: 0x00006a50, Max: 0x00008000, ABSOLUTE, COMPRESSED[0x00006934])

    Execution Region ER_IROM1 (Exec base: 0x08000000, Load base: 0x08000000, Size: 0x00006864, Max: 0x00008000, ABSOLUTE)

    Exec Addr    Load Addr    Size         Type   Attr      Idx    E Section Name        Object

    0x08000000   0x08000000   0x00000130   Data   RO            3    RESET               startup_stm32f103xe.o
    0x08000130   0x08000130   0x00000000   Code   RO         5154  * .ARM.Collect$$$$00000000  mc_w.l(entry.o)
    0x08000130   0x08000130   0x00000004   Code   RO         5426    .ARM.Collect$$$$00000001  mc_w.l(entry2.o)
    0x08000134   0x08000134   0x00000004   Code   RO         5429    .ARM.Collect$$$$00000004  mc_w.l(entry5.o)
    0x08000138   0x08000138   0x00000000   Code   RO         5431    .ARM.Collect$$$$00000008  mc_w.l(entry7b.o)
    0x08000138   0x08000138   0x00000000   Code   RO         5433    .ARM.Collect$$$$0000000A  mc_w.l(entry8b.o)
    0x08000138   0x08000138   0x00000008   Code   RO         5434    .ARM.Collect$$$$0000000B  mc_w.l(entry9a.o)
    0x08000140   0x08000140   0x00000000   Code   RO         5436    .ARM.Collect$$$$0000000D  mc_w.l(entry10a.o)
    0x08000140   0x08000140   0x00000000   Code   RO         5438    .ARM.Collect$$$$0000000F  mc_w.l(entry11a.o)
    0x08000140   0x08000140   0x00000004   Code   RO         5427    .ARM.Collect$$$$00002712  mc_w.l(entry2.o)
    0x08000144   0x08000144   0x00000018   Code   RO          500    .emb_text           iap.o
    0x0800015c   0x0800015c   0x00000096   Code   RO         4679    .emb_text           port.o
    0x080001f2   0x080001f2   0x00000002   PAD
    0x080001f4   0x080001f4   0x00000024   Code   RO            4    .text               startup_stm32f103xe.o
    0x08000218   0x08000218   0x00000020   Code   RO         5157    .text               mc_w.l(llushr.o)
    0x08000238   0x08000238   0x00000024   Code   RO         5159    .text               mc_w.l(memcpya.o)
    0x0800025c   0x0800025c   0x00000024   Code   RO         5161    .text               mc_w.l(memseta.o)
    0x08000280   0x08000280   0x00000062   Code   RO         5443    .text               mc_w.l(uldiv.o)
    0x080002e2   0x080002e2   0x00000002   PAD
    0x080002e4   0x080002e4   0x00000024   Code   RO         5456    .text               mc_w.l(init.o)
    0x08000308   0x08000308   0x0000001e   Code   RO         5458    .text               mc_w.l(llshl.o)
    0x08000326   0x08000326   0x00000056   Code   RO         5472    .text               mc_w.l(__dczerorl2.o)
    0x0800037c   0x0800037c   0x00000004   Code   RO          293    i.BusFault_Handler  stm32f1xx_it.o
    0x08000380   0x08000380   0x00000044   Code   RO          740    i.CDC_Control_FS    usbd_cdc_if.o
    0x080003c4   0x080003c4   0x00000004   Code   RO          741    i.CDC_DeInit_FS     usbd_cdc_if.o
    0x080003c8   0x080003c8   0x00000024   Code   RO          742    i.CDC_Init_FS       usbd_cdc_if.o
    0x080003ec   0x080003ec   0x00000010   Code   RO          294    i.DMA1_Channel4_IRQHandler  stm32f1xx_it.o
    0x080003fc   0x080003fc   0x00000002   Code   RO          298    i.DebugMon_Handler  stm32f1xx_it.o
    0x080003fe   0x080003fe   0x00000002   Code   RO           13    i.Error_Handler     main.o
    0x08000400   0x08000400   0x00000004   Data   RO          510    .ARM.__AT_0x08000400  iap.o
    0x08000404   0x08000404   0x00000024   Code   RO          743    i.CDC_Receive_FS    usbd_cdc_if.o
    0x08000428   0x08000428   0x00000038   Code   RO          744    i.CDC_Transmit_FS   usbd_cdc_if.o
    0x08000460   0x08000460   0x00000028   Code   RO          601    i.CPUHeartBeatInit  delay_cpu_clk.o
    0x08000488   0x08000488   0x00000024   Code   RO          466    i.ConfigTraceSWO    printf_reloc.o
    0x080004ac   0x080004ac   0x00000010   Code   RO          295    i.DMA1_Channel5_IRQHandler  stm32f1xx_it.o
    0x080004bc   0x080004bc   0x00000010   Code   RO          296    i.DMA2_Channel3_IRQHandler  stm32f1xx_it.o
    0x080004cc   0x080004cc   0x00000010   Code   RO          297    i.DMA2_Channel4_5_IRQHandler  stm32f1xx_it.o
    0x080004dc   0x080004dc   0x00000018   Code   RO          602    i.Delay_Clk         delay_cpu_clk.o
    0x080004f4   0x080004f4   0x00000028   Code   RO         3496    i.FLASH_MassErase   stm32f1xx_hal_flash_ex.o
    0x0800051c   0x0800051c   0x00000028   Code   RO         3505    i.FLASH_PageErase   stm32f1xx_hal_flash_ex.o
    0x08000544   0x08000544   0x00000020   Code   RO         3393    i.FLASH_Program_HalfWord  stm32f1xx_hal_flash.o
    0x08000564   0x08000564   0x00000084   Code   RO         3394    i.FLASH_SetErrorCode  stm32f1xx_hal_flash.o
    0x080005e8   0x080005e8   0x00000070   Code   RO         3395    i.FLASH_WaitForLastOperation  stm32f1xx_hal_flash.o
    0x08000658   0x08000658   0x00000398   Code   RO         3057    i.HAL_DMA_IRQHandler  stm32f1xx_hal_dma.o
    0x080009f0   0x080009f0   0x0000008c   Code   RO         3058    i.HAL_DMA_Init      stm32f1xx_hal_dma.o
    0x08000a7c   0x08000a7c   0x000000f4   Code   RO         3506    i.HAL_FLASHEx_Erase  stm32f1xx_hal_flash_ex.o
    0x08000b70   0x08000b70   0x000000b0   Code   RO         3404    i.HAL_FLASH_Program  stm32f1xx_hal_flash.o
    0x08000c20   0x08000c20   0x00000030   Code   RO         3406    i.HAL_FLASH_Unlock  stm32f1xx_hal_flash.o
    0x08000c50   0x08000c50   0x00000340   Code   RO         2988    i.HAL_GPIO_Init     stm32f1xx_hal_gpio.o
    0x08000f90   0x08000f90   0x0000000c   Code   RO         2691    i.HAL_GetTick       stm32f1xx_hal.o
    0x08000f9c   0x08000f9c   0x00000018   Code   RO         2695    i.HAL_IncTick       stm32f1xx_hal.o
    0x08000fb4   0x08000fb4   0x00000028   Code   RO         2696    i.HAL_Init          stm32f1xx_hal.o
    0x08000fdc   0x08000fdc   0x00000088   Code   RO          427    i.HAL_InitTick      stm32f1xx_hal_timebase_tim.o
    0x08001064   0x08001064   0x00000098   Code   RO          390    i.HAL_MspInit       stm32f1xx_hal_msp.o
    0x080010fc   0x080010fc   0x0000001a   Code   RO         3148    i.HAL_NVIC_EnableIRQ  stm32f1xx_hal_cortex.o
    0x08001116   0x08001116   0x0000007c   Code   RO         3154    i.HAL_NVIC_SetPriority  stm32f1xx_hal_cortex.o
    0x08001192   0x08001192   0x00000002   PAD
    0x08001194   0x08001194   0x00000028   Code   RO         3155    i.HAL_NVIC_SetPriorityGrouping  stm32f1xx_hal_cortex.o
    0x080011bc   0x080011bc   0x0000003e   Code   RO         1253    i.HAL_PCDEx_PMAConfig  stm32f1xx_hal_pcd_ex.o
    0x080011fa   0x080011fa   0x00000002   Code   RO          795    i.HAL_PCDEx_SetConnectionState  usbd_conf.o
    0x080011fc   0x080011fc   0x0000001c   Code   RO          797    i.HAL_PCD_DataInStageCallback  usbd_conf.o
    0x08001218   0x08001218   0x0000001c   Code   RO          798    i.HAL_PCD_DataOutStageCallback  usbd_conf.o
    0x08001234   0x08001234   0x00000064   Code   RO         1047    i.HAL_PCD_EP_Close  stm32f1xx_hal_pcd.o
    0x08001298   0x08001298   0x00000062   Code   RO         1048    i.HAL_PCD_EP_ClrStall  stm32f1xx_hal_pcd.o
    0x080012fa   0x080012fa   0x00000014   Code   RO         1050    i.HAL_PCD_EP_GetRxCount  stm32f1xx_hal_pcd.o
    0x0800130e   0x0800130e   0x00000076   Code   RO         1051    i.HAL_PCD_EP_Open   stm32f1xx_hal_pcd.o
    0x08001384   0x08001384   0x0000004a   Code   RO         1052    i.HAL_PCD_EP_Receive  stm32f1xx_hal_pcd.o
    0x080013ce   0x080013ce   0x00000072   Code   RO         1053    i.HAL_PCD_EP_SetStall  stm32f1xx_hal_pcd.o
    0x08001440   0x08001440   0x0000004c   Code   RO         1054    i.HAL_PCD_EP_Transmit  stm32f1xx_hal_pcd.o
    0x0800148c   0x0800148c   0x00000168   Code   RO         1056    i.HAL_PCD_IRQHandler  stm32f1xx_hal_pcd.o
    0x080015f4   0x080015f4   0x0000011a   Code   RO         1059    i.HAL_PCD_Init      stm32f1xx_hal_pcd.o
    0x0800170e   0x0800170e   0x00000002   PAD
    0x08001710   0x08001710   0x00000044   Code   RO          803    i.HAL_PCD_MspInit   usbd_conf.o
    0x08001754   0x08001754   0x0000002a   Code   RO          804    i.HAL_PCD_ResetCallback  usbd_conf.o
    0x0800177e   0x0800177e   0x0000000e   Code   RO          805    i.HAL_PCD_ResumeCallback  usbd_conf.o
    0x0800178c   0x0800178c   0x0000000e   Code   RO          806    i.HAL_PCD_SOFCallback  usbd_conf.o
    0x0800179a   0x0800179a   0x00000036   Code   RO         1065    i.HAL_PCD_SetAddress  stm32f1xx_hal_pcd.o
    0x080017d0   0x080017d0   0x00000012   Code   RO          807    i.HAL_PCD_SetupStageCallback  usbd_conf.o
    0x080017e2   0x080017e2   0x0000003c   Code   RO         1067    i.HAL_PCD_Start     stm32f1xx_hal_pcd.o
    0x0800181e   0x0800181e   0x00000002   PAD
    0x08001820   0x08001820   0x00000024   Code   RO          808    i.HAL_PCD_SuspendCallback  usbd_conf.o
    0x08001844   0x08001844   0x00000130   Code   RO         2951    i.HAL_RCCEx_PeriphCLKConfig  stm32f1xx_hal_rcc_ex.o
    0x08001974   0x08001974   0x000001d0   Code   RO         2843    i.HAL_RCC_ClockConfig  stm32f1xx_hal_rcc.o
    0x08001b44   0x08001b44   0x00000108   Code   RO         2844    i.HAL_RCC_DeInit    stm32f1xx_hal_rcc.o
    0x08001c4c   0x08001c4c   0x00000044   Code   RO         2847    i.HAL_RCC_GetClockConfig  stm32f1xx_hal_rcc.o
    0x08001c90   0x08001c90   0x0000000c   Code   RO         2848    i.HAL_RCC_GetHCLKFreq  stm32f1xx_hal_rcc.o
    0x08001c9c   0x08001c9c   0x00000020   Code   RO         2850    i.HAL_RCC_GetPCLK1Freq  stm32f1xx_hal_rcc.o
    0x08001cbc   0x08001cbc   0x00000020   Code   RO         2851    i.HAL_RCC_GetPCLK2Freq  stm32f1xx_hal_rcc.o
    0x08001cdc   0x08001cdc   0x00000098   Code   RO         2852    i.HAL_RCC_GetSysClockFreq  stm32f1xx_hal_rcc.o
    0x08001d74   0x08001d74   0x00000440   Code   RO         2855    i.HAL_RCC_OscConfig  stm32f1xx_hal_rcc.o
    0x080021b4   0x080021b4   0x00000002   Code   RO         2116    i.HAL_TIMEx_BreakCallback  stm32f1xx_hal_tim_ex.o
    0x080021b6   0x080021b6   0x00000002   Code   RO         2117    i.HAL_TIMEx_CommutationCallback  stm32f1xx_hal_tim_ex.o
    0x080021b8   0x080021b8   0x00000034   Code   RO         1477    i.HAL_TIM_Base_Init  stm32f1xx_hal_tim.o
    0x080021ec   0x080021ec   0x00000002   Code   RO         1479    i.HAL_TIM_Base_MspInit  stm32f1xx_hal_tim.o
    0x080021ee   0x080021ee   0x0000001e   Code   RO         1482    i.HAL_TIM_Base_Start_IT  stm32f1xx_hal_tim.o
    0x0800220c   0x0800220c   0x00000002   Code   RO         1506    i.HAL_TIM_IC_CaptureCallback  stm32f1xx_hal_tim.o
    0x0800220e   0x0800220e   0x00000196   Code   RO         1519    i.HAL_TIM_IRQHandler  stm32f1xx_hal_tim.o
    0x080023a4   0x080023a4   0x00000002   Code   RO         1522    i.HAL_TIM_OC_DelayElapsedCallback  stm32f1xx_hal_tim.o
    0x080023a6   0x080023a6   0x00000002   Code   RO         1549    i.HAL_TIM_PWM_PulseFinishedCallback  stm32f1xx_hal_tim.o
    0x080023a8   0x080023a8   0x00000018   Code   RO           14    i.HAL_TIM_PeriodElapsedCallback  main.o
    0x080023c0   0x080023c0   0x00000002   Code   RO         1560    i.HAL_TIM_TriggerCallback  stm32f1xx_hal_tim.o
    0x080023c2   0x080023c2   0x00000072   Code   RO         2374    i.HAL_UART_Init     stm32f1xx_hal_uart.o
    0x08002434   0x08002434   0x000001d8   Code   RO          392    i.HAL_UART_MspInit  stm32f1xx_hal_msp.o
    0x0800260c   0x0800260c   0x00000004   Code   RO          299    i.HardFault_Handler  stm32f1xx_it.o
    0x08002610   0x08002610   0x00000080   Code   RO           15    i.MX_DMA_Init       main.o
    0x08002690   0x08002690   0x00000240   Code   RO           16    i.MX_GPIO_Init      main.o
    0x080028d0   0x080028d0   0x00000038   Code   RO           17    i.MX_UART4_Init     main.o
    0x08002908   0x08002908   0x00000038   Code   RO           18    i.MX_USART1_UART_Init  main.o
    0x08002940   0x08002940   0x00000034   Code   RO          631    i.MX_USB_DEVICE_Init  usb_device.o
    0x08002974   0x08002974   0x00000004   Code   RO          300    i.MemManage_Handler  stm32f1xx_it.o
    0x08002978   0x08002978   0x00000002   Code   RO          301    i.NMI_Handler       stm32f1xx_it.o
    0x0800297a   0x0800297a   0x00000002   PAD
    0x0800297c   0x0800297c   0x00000010   Code   RO         3161    i.NVIC_GetPriorityGrouping  stm32f1xx_hal_cortex.o
    0x0800298c   0x0800298c   0x00000028   Code   RO         3162    i.NVIC_SetPriority  stm32f1xx_hal_cortex.o
    0x080029b4   0x080029b4   0x00000444   Code   RO         1070    i.PCD_EP_ISR_Handler  stm32f1xx_hal_pcd.o
    0x08002df8   0x08002df8   0x00000028   Code   RO         2856    i.RCC_Delay         stm32f1xx_hal_rcc.o
    0x08002e20   0x08002e20   0x00000034   Code   RO         4680    i.SysTick_Handler   port.o
    0x08002e54   0x08002e54   0x00000080   Code   RO           19    i.SystemClock_Config  main.o
    0x08002ed4   0x08002ed4   0x00000058   Code   RO         3603    i.SystemInit        system_stm32f1xx.o
    0x08002f2c   0x08002f2c   0x00000010   Code   RO          302    i.TIM1_UP_IRQHandler  stm32f1xx_it.o
    0x08002f3c   0x08002f3c   0x00000098   Code   RO         1561    i.TIM_Base_SetConfig  stm32f1xx_hal_tim.o
    0x08002fd4   0x08002fd4   0x000001c8   Code   RO         2401    i.UART_SetConfig    stm32f1xx_hal_uart.o
    0x0800319c   0x0800319c   0x0000001a   Code   RO         5052    i.USBD_CDC_DataIn   usbd_cdc.o
    0x080031b6   0x080031b6   0x00000034   Code   RO         5053    i.USBD_CDC_DataOut  usbd_cdc.o
    0x080031ea   0x080031ea   0x00000040   Code   RO         5054    i.USBD_CDC_DeInit   usbd_cdc.o
    0x0800322a   0x0800322a   0x00000032   Code   RO         5055    i.USBD_CDC_EP0_RxReady  usbd_cdc.o
    0x0800325c   0x0800325c   0x00000010   Code   RO         5056    i.USBD_CDC_GetDeviceQualifierDescriptor  usbd_cdc.o
    0x0800326c   0x0800326c   0x00000010   Code   RO         5057    i.USBD_CDC_GetFSCfgDesc  usbd_cdc.o
    0x0800327c   0x0800327c   0x00000010   Code   RO         5058    i.USBD_CDC_GetHSCfgDesc  usbd_cdc.o
    0x0800328c   0x0800328c   0x00000010   Code   RO         5059    i.USBD_CDC_GetOtherSpeedCfgDesc  usbd_cdc.o
    0x0800329c   0x0800329c   0x000000a6   Code   RO         5060    i.USBD_CDC_Init     usbd_cdc.o
    0x08003342   0x08003342   0x0000003a   Code   RO         5061    i.USBD_CDC_ReceivePacket  usbd_cdc.o
    0x0800337c   0x0800337c   0x0000000e   Code   RO         5062    i.USBD_CDC_RegisterInterface  usbd_cdc.o
    0x0800338a   0x0800338a   0x0000000e   Code   RO         5063    i.USBD_CDC_SetRxBuffer  usbd_cdc.o
    0x08003398   0x08003398   0x00000014   Code   RO         5064    i.USBD_CDC_SetTxBuffer  usbd_cdc.o
    0x080033ac   0x080033ac   0x00000090   Code   RO         5065    i.USBD_CDC_Setup    usbd_cdc.o
    0x0800343c   0x0800343c   0x00000038   Code   RO         5066    i.USBD_CDC_TransmitPacket  usbd_cdc.o
    0x08003474   0x08003474   0x00000016   Code   RO         4759    i.USBD_ClrClassConfig  usbd_core.o
    0x0800348a   0x0800348a   0x00000044   Code   RO         4897    i.USBD_ClrFeature   usbd_ctlreq.o
    0x080034ce   0x080034ce   0x00000018   Code   RO         4992    i.USBD_CtlContinueRx  usbd_ioreq.o
    0x080034e6   0x080034e6   0x00000018   Code   RO         4993    i.USBD_CtlContinueSendData  usbd_ioreq.o
    0x080034fe   0x080034fe   0x00000018   Code   RO         4898    i.USBD_CtlError     usbd_ctlreq.o
    0x08003516   0x08003516   0x00000028   Code   RO         4994    i.USBD_CtlPrepareRx  usbd_ioreq.o
    0x0800353e   0x0800353e   0x0000001a   Code   RO         4995    i.USBD_CtlReceiveStatus  usbd_ioreq.o
    0x08003558   0x08003558   0x00000022   Code   RO         4996    i.USBD_CtlSendData  usbd_ioreq.o
    0x0800357a   0x0800357a   0x0000001a   Code   RO         4997    i.USBD_CtlSendStatus  usbd_ioreq.o
    0x08003594   0x08003594   0x00000034   Code   RO          673    i.USBD_FS_ConfigStrDescriptor  usbd_desc.o
    0x080035c8   0x080035c8   0x00000010   Code   RO          674    i.USBD_FS_DeviceDescriptor  usbd_desc.o
    0x080035d8   0x080035d8   0x00000038   Code   RO          675    i.USBD_FS_InterfaceStrDescriptor  usbd_desc.o
    0x08003610   0x08003610   0x00000010   Code   RO          676    i.USBD_FS_LangIDStrDescriptor  usbd_desc.o
    0x08003620   0x08003620   0x0000002c   Code   RO          677    i.USBD_FS_ManufacturerStrDescriptor  usbd_desc.o
    0x0800364c   0x0800364c   0x00000040   Code   RO          678    i.USBD_FS_ProductStrDescriptor  usbd_desc.o
    0x0800368c   0x0800368c   0x00000038   Code   RO          679    i.USBD_FS_SerialStrDescriptor  usbd_desc.o
    0x080036c4   0x080036c4   0x00000050   Code   RO         4899    i.USBD_GetConfig    usbd_ctlreq.o
    0x08003714   0x08003714   0x00000148   Code   RO         4900    i.USBD_GetDescriptor  usbd_ctlreq.o
    0x0800385c   0x0800385c   0x00000014   Code   RO         4901    i.USBD_GetLen       usbd_ctlreq.o
    0x08003870   0x08003870   0x00000044   Code   RO         4902    i.USBD_GetStatus    usbd_ctlreq.o
    0x080038b4   0x080038b4   0x00000052   Code   RO         4903    i.USBD_GetString    usbd_ctlreq.o
    0x08003906   0x08003906   0x00000002   PAD
    0x08003908   0x08003908   0x00000068   Code   RO         4761    i.USBD_Init         usbd_core.o
    0x08003970   0x08003970   0x00000044   Code   RO          809    i.USBD_LL_ClearStallEP  usbd_conf.o
    0x080039b4   0x080039b4   0x00000044   Code   RO          810    i.USBD_LL_CloseEP   usbd_conf.o
    0x080039f8   0x080039f8   0x000000da   Code   RO         4762    i.USBD_LL_DataInStage  usbd_core.o
    0x08003ad2   0x08003ad2   0x00000086   Code   RO         4763    i.USBD_LL_DataOutStage  usbd_core.o
    0x08003b58   0x08003b58   0x00000012   Code   RO          814    i.USBD_LL_GetRxDataSize  usbd_conf.o
    0x08003b6a   0x08003b6a   0x00000002   PAD
    0x08003b6c   0x08003b6c   0x00000088   Code   RO          815    i.USBD_LL_Init      usbd_conf.o
    0x08003bf4   0x08003bf4   0x00000030   Code   RO          816    i.USBD_LL_IsStallEP  usbd_conf.o
    0x08003c24   0x08003c24   0x00000062   Code   RO          817    i.USBD_LL_OpenEP    usbd_conf.o
    0x08003c86   0x08003c86   0x00000062   Code   RO          818    i.USBD_LL_PrepareReceive  usbd_conf.o
    0x08003ce8   0x08003ce8   0x00000044   Code   RO         4768    i.USBD_LL_Reset     usbd_core.o
    0x08003d2c   0x08003d2c   0x0000000e   Code   RO         4769    i.USBD_LL_Resume    usbd_core.o
    0x08003d3a   0x08003d3a   0x00000022   Code   RO         4770    i.USBD_LL_SOF       usbd_core.o
    0x08003d5c   0x08003d5c   0x00000008   Code   RO         4771    i.USBD_LL_SetSpeed  usbd_core.o
    0x08003d64   0x08003d64   0x00000044   Code   RO          819    i.USBD_LL_SetUSBAddress  usbd_conf.o
    0x08003da8   0x08003da8   0x0000006e   Code   RO         4772    i.USBD_LL_SetupStage  usbd_core.o
    0x08003e16   0x08003e16   0x00000044   Code   RO          820    i.USBD_LL_StallEP   usbd_conf.o
    0x08003e5a   0x08003e5a   0x0000003c   Code   RO          821    i.USBD_LL_Start     usbd_conf.o
    0x08003e96   0x08003e96   0x00000014   Code   RO         4773    i.USBD_LL_Suspend   usbd_core.o
    0x08003eaa   0x08003eaa   0x00000062   Code   RO          823    i.USBD_LL_Transmit  usbd_conf.o
    0x08003f0c   0x08003f0c   0x00000028   Code   RO         4904    i.USBD_ParseSetupRequest  usbd_ctlreq.o
    0x08003f34   0x08003f34   0x0000004c   Code   RO         4774    i.USBD_RegisterClass  usbd_core.o
    0x08003f80   0x08003f80   0x00000006   Code   RO         4775    i.USBD_RunTestMode  usbd_core.o
    0x08003f86   0x08003f86   0x00000054   Code   RO         4905    i.USBD_SetAddress   usbd_ctlreq.o
    0x08003fda   0x08003fda   0x00000022   Code   RO         4776    i.USBD_SetClassConfig  usbd_core.o
    0x08003ffc   0x08003ffc   0x000000e0   Code   RO         4906    i.USBD_SetConfig    usbd_ctlreq.o
    0x080040dc   0x080040dc   0x00000024   Code   RO         4907    i.USBD_SetFeature   usbd_ctlreq.o
    0x08004100   0x08004100   0x0000000e   Code   RO         4777    i.USBD_Start        usbd_core.o
    0x0800410e   0x0800410e   0x00000072   Code   RO         4908    i.USBD_StdDevReq    usbd_ctlreq.o
    0x08004180   0x08004180   0x00000156   Code   RO         4909    i.USBD_StdEPReq     usbd_ctlreq.o
    0x080042d6   0x080042d6   0x0000004a   Code   RO         4910    i.USBD_StdItfReq    usbd_ctlreq.o
    0x08004320   0x08004320   0x00000002   Code   RO          824    i.USBD_static_free  usbd_conf.o
    0x08004322   0x08004322   0x00000002   PAD
    0x08004324   0x08004324   0x0000000c   Code   RO          825    i.USBD_static_malloc  usbd_conf.o
    0x08004330   0x08004330   0x000003aa   Code   RO         1283    i.USB_ActivateEndpoint  stm32f1xx_ll_usb.o
    0x080046da   0x080046da   0x00000008   Code   RO         1286    i.USB_CoreInit      stm32f1xx_ll_usb.o
    0x080046e2   0x080046e2   0x00000214   Code   RO         1288    i.USB_DeactivateEndpoint  stm32f1xx_ll_usb.o
    0x080048f6   0x080048f6   0x00000006   Code   RO         1289    i.USB_DevConnect    stm32f1xx_ll_usb.o
    0x080048fc   0x080048fc   0x00000006   Code   RO         1290    i.USB_DevDisconnect  stm32f1xx_ll_usb.o
    0x08004902   0x08004902   0x0000001e   Code   RO         1291    i.USB_DevInit       stm32f1xx_ll_usb.o
    0x08004920   0x08004920   0x00000016   Code   RO         1292    i.USB_DisableGlobalInt  stm32f1xx_ll_usb.o
    0x08004936   0x08004936   0x00000006   Code   RO         1293    i.USB_EP0_OutStart  stm32f1xx_ll_usb.o
    0x0800493c   0x0800493c   0x000000b4   Code   RO         1294    i.USB_EPClearStall  stm32f1xx_ll_usb.o
    0x080049f0   0x080049f0   0x00000086   Code   RO         1295    i.USB_EPSetStall    stm32f1xx_ll_usb.o
    0x08004a76   0x08004a76   0x00000332   Code   RO         1296    i.USB_EPStartXfer   stm32f1xx_ll_usb.o
    0x08004da8   0x08004da8   0x00000016   Code   RO         1297    i.USB_EnableGlobalInt  stm32f1xx_ll_usb.o
    0x08004dbe   0x08004dbe   0x00000002   PAD
    0x08004dc0   0x08004dc0   0x00000010   Code   RO          303    i.USB_LP_CAN1_RX0_IRQHandler  stm32f1xx_it.o
    0x08004dd0   0x08004dd0   0x0000000a   Code   RO         1304    i.USB_ReadInterrupts  stm32f1xx_ll_usb.o
    0x08004dda   0x08004dda   0x00000028   Code   RO         1305    i.USB_ReadPMA       stm32f1xx_ll_usb.o
    0x08004e02   0x08004e02   0x00000006   Code   RO         1307    i.USB_SetCurrentMode  stm32f1xx_ll_usb.o
    0x08004e08   0x08004e08   0x0000000e   Code   RO         1308    i.USB_SetDevAddress  stm32f1xx_ll_usb.o
    0x08004e16   0x08004e16   0x00000042   Code   RO         1310    i.USB_WritePMA      stm32f1xx_ll_usb.o
    0x08004e58   0x08004e58   0x00000004   Code   RO          304    i.UsageFault_Handler  stm32f1xx_it.o
    0x08004e5c   0x08004e5c   0x00000020   Code   RO         5372    i.__0printf$8       mc_w.l(printf8.o)
    0x08004e7c   0x08004e7c   0x0000000e   Code   RO         5466    i.__scatterload_copy  mc_w.l(handlers.o)
    0x08004e8a   0x08004e8a   0x00000002   Code   RO         5467    i.__scatterload_null  mc_w.l(handlers.o)
    0x08004e8c   0x08004e8c   0x0000000e   Code   RO         5468    i.__scatterload_zeroinit  mc_w.l(handlers.o)
    0x08004e9a   0x08004e9a   0x00000002   PAD
    0x08004e9c   0x08004e9c   0x00000410   Code   RO         5379    i._printf_core      mc_w.l(printf8.o)
    0x080052ac   0x080052ac   0x00000024   Code   RO         5380    i._printf_post_padding  mc_w.l(printf8.o)
    0x080052d0   0x080052d0   0x0000002e   Code   RO         5381    i._printf_pre_padding  mc_w.l(printf8.o)
    0x080052fe   0x080052fe   0x00000002   PAD
    0x08005300   0x08005300   0x0000001c   Code   RO          501    i.close_allof_interrupt  iap.o
    0x0800531c   0x0800531c   0x00000030   Code   RO          502    i.copy_received_msg  iap.o
    0x0800534c   0x0800534c   0x00000038   Code   RO          467    i.fputc             printf_reloc.o
    0x08005384   0x08005384   0x00000404   Code   RO          503    i.iap_process       iap.o
    0x08005788   0x08005788   0x000000c8   Code   RO          504    i.jump_to_user_application_if  iap.o
    0x08005850   0x08005850   0x0000004c   Code   RO           20    i.main              main.o
    0x0800589c   0x0800589c   0x0000000e   Code   RO         4245    i.makeFreeRtosPriority  cmsis_os.o
    0x080058aa   0x080058aa   0x00000018   Code   RO         4247    i.osDelay           cmsis_os.o
    0x080058c2   0x080058c2   0x0000000a   Code   RO         4250    i.osKernelStart     cmsis_os.o
    0x080058cc   0x080058cc   0x0000005e   Code   RO         4284    i.osThreadCreate    cmsis_os.o
    0x0800592a   0x0800592a   0x00000002   PAD
    0x0800592c   0x0800592c   0x00000098   Code   RO         3944    i.prvAddCurrentTaskToDelayedList  tasks.o
    0x080059c4   0x080059c4   0x000000b4   Code   RO         3945    i.prvAddNewTaskToReadyList  tasks.o
    0x08005a78   0x08005a78   0x00000064   Code   RO         3946    i.prvCheckTasksWaitingTermination  tasks.o
    0x08005adc   0x08005adc   0x00000050   Code   RO         3947    i.prvDeleteTCB      tasks.o
    0x08005b2c   0x08005b2c   0x0000007c   Code   RO         4618    i.prvHeapInit       heap_4.o
    0x08005ba8   0x08005ba8   0x00000028   Code   RO         3948    i.prvIdleTask       tasks.o
    0x08005bd0   0x08005bd0   0x000000aa   Code   RO         3949    i.prvInitialiseNewTask  tasks.o
    0x08005c7a   0x08005c7a   0x00000002   PAD
    0x08005c7c   0x08005c7c   0x00000068   Code   RO         3950    i.prvInitialiseTaskLists  tasks.o
    0x08005ce4   0x08005ce4   0x00000068   Code   RO         4619    i.prvInsertBlockIntoFreeList  heap_4.o
    0x08005d4c   0x08005d4c   0x00000034   Code   RO         3951    i.prvResetNextTaskUnblockTime  tasks.o
    0x08005d80   0x08005d80   0x00000040   Code   RO         4681    i.prvTaskExitError  port.o
    0x08005dc0   0x08005dc0   0x0000013c   Code   RO         4620    i.pvPortMalloc      heap_4.o
    0x08005efc   0x08005efc   0x00000024   Code   RO         4682    i.pxPortInitialiseStack  port.o
    0x08005f20   0x08005f20   0x00000018   Code   RO          505    i.received_msg_process  iap.o
    0x08005f38   0x08005f38   0x0000002c   Code   RO           21    i.start_usb_task    main.o
    0x08005f64   0x08005f64   0x00000020   Code   RO          506    i.tx_msg_packed     iap.o
    0x08005f84   0x08005f84   0x00000028   Code   RO         3740    i.uxListRemove      list.o
    0x08005fac   0x08005fac   0x00000018   Code   RO          249    i.vApplicationGetIdleTaskMemory  freertos.o
    0x08005fc4   0x08005fc4   0x0000001a   Code   RO         3741    i.vListInitialise   list.o
    0x08005fde   0x08005fde   0x00000006   Code   RO         3742    i.vListInitialiseItem  list.o
    0x08005fe4   0x08005fe4   0x00000034   Code   RO         3743    i.vListInsert       list.o
    0x08006018   0x08006018   0x00000018   Code   RO         3744    i.vListInsertEnd    list.o
    0x08006030   0x08006030   0x00000054   Code   RO         4684    i.vPortEnterCritical  port.o
    0x08006084   0x08006084   0x0000003c   Code   RO         4685    i.vPortExitCritical  port.o
    0x080060c0   0x080060c0   0x00000094   Code   RO         4621    i.vPortFree         heap_4.o
    0x08006154   0x08006154   0x00000020   Code   RO         4686    i.vPortSetupTimerInterrupt  port.o
    0x08006174   0x08006174   0x0000005c   Code   RO         3959    i.vTaskDelay        tasks.o
    0x080061d0   0x080061d0   0x000000b0   Code   RO         3970    i.vTaskStartScheduler  tasks.o
    0x08006280   0x08006280   0x00000010   Code   RO         3972    i.vTaskSuspendAll   tasks.o
    0x08006290   0x08006290   0x0000008c   Code   RO         3973    i.vTaskSwitchContext  tasks.o
    0x0800631c   0x0800631c   0x00000064   Code   RO          507    i.verify_image_info  iap.o
    0x08006380   0x08006380   0x0000003c   Code   RO          508    i.verify_image_tag  iap.o
    0x080063bc   0x080063bc   0x00000068   Code   RO          509    i.write_to_flash    iap.o
    0x08006424   0x08006424   0x000000a0   Code   RO         4688    i.xPortStartScheduler  port.o
    0x080064c4   0x080064c4   0x00000064   Code   RO         3975    i.xTaskCreate       tasks.o
    0x08006528   0x08006528   0x00000090   Code   RO         3976    i.xTaskCreateStatic  tasks.o
    0x080065b8   0x080065b8   0x00000148   Code   RO         3983    i.xTaskIncrementTick  tasks.o
    0x08006700   0x08006700   0x00000104   Code   RO         3989    i.xTaskResumeAll    tasks.o
    0x08006804   0x08006804   0x0000001c   Data   RO           23    .constdata          main.o
    0x08006820   0x08006820   0x00000018   Data   RO         3604    .constdata          system_stm32f1xx.o
    0x08006838   0x08006838   0x00000009   Data   RO           24    .conststring        main.o
    0x08006841   0x08006841   0x00000003   PAD
    0x08006844   0x08006844   0x00000020   Data   RO         5464    Region$$Table       anon$$obj.o


    Execution Region RW_IRAM1 (Exec base: 0x20000000, Load base: 0x08006864, Size: 0x00002e60, Max: 0x0000c000, ABSOLUTE, COMPRESSED[0x000000d0])

    Exec Addr    Load Addr    Size         Type   Attr      Idx    E Section Name        Object

    0x20000000   COMPRESSED   0x00000004   Data   RW           25    .data               main.o
    0x20000004   COMPRESSED   0x0000001c   Data   RW          512    .data               iap.o
    0x20000020   COMPRESSED   0x00000034   Data   RW          681    .data               usbd_desc.o
    0x20000054   COMPRESSED   0x00000010   Data   RW          746    .data               usbd_cdc_if.o
    0x20000064   COMPRESSED   0x00000009   Data   RW         2703    .data               stm32f1xx_hal.o
    0x2000006d   COMPRESSED   0x00000003   PAD
    0x20000070   COMPRESSED   0x00000004   Data   RW         3605    .data               system_stm32f1xx.o
    0x20000074   COMPRESSED   0x0000003c   Data   RW         3992    .data               tasks.o
    0x200000b0   COMPRESSED   0x00000018   Data   RW         4626    .data               heap_4.o
    0x200000c8   COMPRESSED   0x0000000c   Data   RW         4689    .data               port.o
    0x200000d4   COMPRESSED   0x00000001   Data   RW         4911    .data               usbd_ctlreq.o
    0x200000d5   COMPRESSED   0x00000003   PAD
    0x200000d8   COMPRESSED   0x00000110   Data   RW         5067    .data               usbd_cdc.o
    0x200001e8   COMPRESSED   0x00000004   Data   RW         5440    .data               mc_w.l(stdout.o)
    0x200001ec        -       0x000005e4   Zero   RW           22    .bss                main.o
    0x200007d0        -       0x00000254   Zero   RW          250    .bss                freertos.o
    0x20000a24        -       0x00000040   Zero   RW          430    .bss                stm32f1xx_hal_timebase_tim.o
    0x20000a64        -       0x00000078   Zero   RW          511    .bss                iap.o
    0x20000adc        -       0x00000224   Zero   RW          632    .bss                usb_device.o
    0x20000d00        -       0x00000200   Zero   RW          680    .bss                usbd_desc.o
    0x20000f00        -       0x000007d0   Zero   RW          745    .bss                usbd_cdc_if.o
    0x200016d0        -       0x00000680   Zero   RW          826    .bss                usbd_conf.o
    0x20001d50        -       0x00000020   Zero   RW         3407    .bss                stm32f1xx_hal_flash.o
    0x20001d70        -       0x000000f0   Zero   RW         3991    .bss                tasks.o
    0x20001e60        -       0x00000c00   Zero   RW         4625    .bss                heap_4.o
    0x20002a60        -       0x00000400   Zero   RW            1    STACK               startup_stm32f103xe.o


==============================================================================

Image component sizes


      Code (inc. data)   RO Data    RW Data    ZI Data      Debug   Object Name

       142          0          0          0          0      20811   cmsis_os.o
        64         16          0          0          0        931   delay_cpu_clk.o
         0          0          0          0          0      16892   event_groups.o
        24         10          0          0        596       1260   freertos.o
       692         62          0         24       3072       7291   heap_4.o
      1648        606          4         28        120       9567   iap.o
       148          0          0          0          0       3462   list.o
      1090         74         37          4       1508     535173   main.o
       638         66          0         12          0      10304   port.o
        92         20          0          0          0      23252   printf_reloc.o
        36          8        304          0       1024        808   startup_stm32f103xe.o
        76         20          0          9          0       5294   stm32f1xx_hal.o
       246         22          0          0          0      25518   stm32f1xx_hal_cortex.o
      1060         18          0          0          0       2240   stm32f1xx_hal_dma.o
       500         44          0          0         32       3677   stm32f1xx_hal_flash.o
       324         80          0          0          0       2619   stm32f1xx_hal_flash_ex.o
       832         42          0          0          0       2064   stm32f1xx_hal_gpio.o
       624         54          0          0          0       2097   stm32f1xx_hal_msp.o
      2448          0          0          0          0      10041   stm32f1xx_hal_pcd.o
        62          0          0          0          0       1190   stm32f1xx_hal_pcd_ex.o
      2152        134          0          0          0       7410   stm32f1xx_hal_rcc.o
       304         14          0          0          0       1408   stm32f1xx_hal_rcc_ex.o
       650         20          0          0          0       6030   stm32f1xx_hal_tim.o
         4          0          0          0          0       1546   stm32f1xx_hal_tim_ex.o
       136         18          0          0         64       1483   stm32f1xx_hal_timebase_tim.o
       570          6          0          0          0       1732   stm32f1xx_hal_uart.o
       116         36          0          0          0       5549   stm32f1xx_it.o
      2838          0          0          0          0      13623   stm32f1xx_ll_usb.o
        88         18         24          4          0       1203   system_stm32f1xx.o
      2134        272          0         60        240      16993   tasks.o
        52         16          0          0        548       2431   usb_device.o
       728         30          0        272          0      12866   usbd_cdc.o
       200         22          0         16       2000       3616   usbd_cdc_if.o
      1092         30          0          0       1664      14797   usbd_conf.o
       862         72          0          0          0       9935   usbd_core.o
      1584         30          0          1          0      10520   usbd_ctlreq.o
       304        128          0         52        512       5459   usbd_desc.o
       174          0          0          0          0       4576   usbd_ioreq.o

    ----------------------------------------------------------------------
     24756       1988        404        488      11380     805668   Object Totals
         0          0         32          0          0          0   (incl. Generated)
        22          0          3          6          0          0   (incl. Padding)

    ----------------------------------------------------------------------

      Code (inc. data)   RO Data    RW Data    ZI Data      Debug   Library Member Name

        86          0          0          0          0          0   __dczerorl2.o
         0          0          0          0          0          0   entry.o
         0          0          0          0          0          0   entry10a.o
         0          0          0          0          0          0   entry11a.o
         8          4          0          0          0          0   entry2.o
         4          0          0          0          0          0   entry5.o
         0          0          0          0          0          0   entry7b.o
         0          0          0          0          0          0   entry8b.o
         8          4          0          0          0          0   entry9a.o
        30          0          0          0          0          0   handlers.o
        36          8          0          0          0         68   init.o
        30          0          0          0          0         68   llshl.o
        32          0          0          0          0         68   llushr.o
        36          0          0          0          0         68   memcpya.o
        36          0          0          0          0        108   memseta.o
      1154         54          0          0          0        352   printf8.o
         0          0          0          4          0          0   stdout.o
        98          0          0          0          0         92   uldiv.o

    ----------------------------------------------------------------------
      1564         70          0          4          0        824   Library Totals
         6          0          0          0          0          0   (incl. Padding)

    ----------------------------------------------------------------------

      Code (inc. data)   RO Data    RW Data    ZI Data      Debug   Library Name

      1558         70          0          4          0        824   mc_w.l

    ----------------------------------------------------------------------
      1564         70          0          4          0        824   Library Totals

    ----------------------------------------------------------------------

==============================================================================


      Code (inc. data)   RO Data    RW Data    ZI Data      Debug   

     26320       2058        404        492      11380     794452   Grand Totals
     26320       2058        404        208      11380     794452   ELF Image Totals (compressed)
     26320       2058        404        208          0          0   ROM Totals

==============================================================================

    Total RO  Size (Code + RO Data)                26724 (  26.10kB)
    Total RW  Size (RW Data + ZI Data)             11872 (  11.59kB)
    Total ROM Size (Code + RO Data + RW Data)      26932 (  26.30kB)

==============================================================================

