<html>
<body>
<pre>
<h1>µVision Build Log</h1>
<h2>Tool Versions:</h2>
IDE-Version: ¦ÌVision V5.25.2.0
Copyright (C) 2018 ARM Ltd and ARM Germany GmbH. All rights reserved.
License Information: mnlife ratio, mnlife, LIC=KRMUH-W50SF-Y72RW-QQ2NA-JECBW-3WH2W
 
Tool Versions:
Toolchain:       MDK-ARM Plus  Version: 5.25.2.0
Toolchain Path:  F:\Keil_v5\ARM\ARMCC\Bin
C Compiler:      Armcc.exe V5.06 update 6 (build 750)
Assembler:       Armasm.exe V5.06 update 6 (build 750)
Linker/Locator:  ArmLink.exe V5.06 update 6 (build 750)
Library Manager: ArmAr.exe V5.06 update 6 (build 750)
Hex Converter:   FromElf.exe V5.06 update 6 (build 750)
CPU DLL:         SARMCM3.DLL V5.25.2.0
Dialog DLL:      DCM.DLL V1.17.1.0
Target DLL:      UL2CM3.DLL V1.160.12.0
Dialog DLL:      TCM.DLL V1.35.1.0
 
<h2>Project:</h2>
G:\CCSV7workspace\REVO\workspace\cube_generate\boot_hybrid\MDK-ARM\boot_hybrid.uvprojx
Project File Date:  02/26/2019

<h2>Output:</h2>
*** Using Compiler 'V5.06 update 6 (build 750)', folder: 'F:\Keil_v5\ARM\ARMCC\Bin'
Rebuild target 'Hybrid_boot'
assembling startup_stm32f103xe.s...
compiling delay_cpu_clk.c...
compiling printf_reloc.c...
compiling freertos.c...
compiling stm32f1xx_it.c...
compiling stm32f1xx_hal_timebase_tim.c...
compiling stm32f1xx_hal_msp.c...
compiling iap.c...
compiling main.c...
compiling usb_device.c...
compiling stm32f1xx_hal_pcd.c...
compiling stm32f1xx_hal_pcd_ex.c...
compiling usbd_desc.c...
compiling usbd_cdc_if.c...
compiling stm32f1xx_hal_gpio_ex.c...
compiling usbd_conf.c...
compiling stm32f1xx_ll_usb.c...
compiling stm32f1xx_hal.c...
compiling stm32f1xx_hal_tim_ex.c...
compiling stm32f1xx_hal_uart.c...
compiling stm32f1xx_hal_gpio.c...
compiling stm32f1xx_hal_rcc.c...
compiling stm32f1xx_hal_rcc_ex.c...
compiling stm32f1xx_hal_tim.c...
compiling stm32f1xx_hal_dma.c...
compiling croutine.c...
compiling event_groups.c...
compiling list.c...
compiling queue.c...
compiling timers.c...
compiling tasks.c...
compiling heap_4.c...
compiling cmsis_os.c...
compiling port.c...
compiling stm32f1xx_hal_pwr.c...
compiling stm32f1xx_hal_cortex.c...
compiling stm32f1xx_hal_flash_ex.c...
compiling stm32f1xx_hal_flash.c...
compiling system_stm32f1xx.c...
compiling usbd_core.c...
compiling usbd_ioreq.c...
compiling usbd_cdc.c...
compiling usbd_ctlreq.c...
linking...
Program Size: Code=26320 RO-data=404 RW-data=492 ZI-data=11380  
FromELF: creating hex file...
".\Build\Hybrid_DFU.axf" - 0 Error(s), 0 Warning(s).

<h2>Software Packages used:</h2>

Package Vendor: ARM
                http://www.keil.com/pack/ARM.CMSIS.5.3.0.pack
                ARM.CMSIS.5.3.0
                CMSIS (Cortex Microcontroller Software Interface Standard)
   * Component: CORE Version: 5.1.1

Package Vendor: Keil
                http://www.keil.com/pack/Keil.STM32F1xx_DFP.2.2.0.pack
                Keil.STM32F1xx_DFP.2.2.0
                STMicroelectronics STM32F1 Series Device Support, Drivers and Examples

<h2>Collection of Component include folders:</h2>
  .\RTE\_Hybrid_boot
  F:\Keil_v5\ARM\PACK\ARM\CMSIS\5.3.0\CMSIS\Include
  F:\Keil_v5\ARM\PACK\Keil\STM32F1xx_DFP\2.2.0\Device\Include

<h2>Collection of Component Files used:</h2>

   * Component: ARM::CMSIS:CORE:5.1.1
Build Time Elapsed:  00:00:18
</pre>
</body>
</html>
